Archive member included to satisfy reference by file (symbol)

D:/MY_SOFT/Toolchain/gcc/arm-gnu-toolchain-14.3.rel1-mingw-w64-i686-arm-none-eabi/bin/../lib/gcc/arm-none-eabi/14.3.1/../../../../arm-none-eabi/lib/thumb/v7e-m+dp/hard\libc_nano.a(libc_a-exit.o)
                              D:/MY_SOFT/Toolchain/gcc/arm-gnu-toolchain-14.3.rel1-mingw-w64-i686-arm-none-eabi/bin/../lib/gcc/arm-none-eabi/14.3.1/../../../../arm-none-eabi/lib/thumb/v7e-m+dp/hard/crt0.o (exit)
D:/MY_SOFT/Toolchain/gcc/arm-gnu-toolchain-14.3.rel1-mingw-w64-i686-arm-none-eabi/bin/../lib/gcc/arm-none-eabi/14.3.1/../../../../arm-none-eabi/lib/thumb/v7e-m+dp/hard\libc_nano.a(libc_a-findfp.o)
                              D:/MY_SOFT/Toolchain/gcc/arm-gnu-toolchain-14.3.rel1-mingw-w64-i686-arm-none-eabi/bin/../lib/gcc/arm-none-eabi/14.3.1/../../../../arm-none-eabi/lib/thumb/v7e-m+dp/hard\libc_nano.a(libc_a-exit.o) (__stdio_exit_handler)
D:/MY_SOFT/Toolchain/gcc/arm-gnu-toolchain-14.3.rel1-mingw-w64-i686-arm-none-eabi/bin/../lib/gcc/arm-none-eabi/14.3.1/../../../../arm-none-eabi/lib/thumb/v7e-m+dp/hard\libc_nano.a(libc_a-fwalk.o)
                              D:/MY_SOFT/Toolchain/gcc/arm-gnu-toolchain-14.3.rel1-mingw-w64-i686-arm-none-eabi/bin/../lib/gcc/arm-none-eabi/14.3.1/../../../../arm-none-eabi/lib/thumb/v7e-m+dp/hard\libc_nano.a(libc_a-findfp.o) (_fwalk_sglue)
D:/MY_SOFT/Toolchain/gcc/arm-gnu-toolchain-14.3.rel1-mingw-w64-i686-arm-none-eabi/bin/../lib/gcc/arm-none-eabi/14.3.1/../../../../arm-none-eabi/lib/thumb/v7e-m+dp/hard\libc_nano.a(libc_a-stdio.o)
                              D:/MY_SOFT/Toolchain/gcc/arm-gnu-toolchain-14.3.rel1-mingw-w64-i686-arm-none-eabi/bin/../lib/gcc/arm-none-eabi/14.3.1/../../../../arm-none-eabi/lib/thumb/v7e-m+dp/hard\libc_nano.a(libc_a-findfp.o) (__sread)
D:/MY_SOFT/Toolchain/gcc/arm-gnu-toolchain-14.3.rel1-mingw-w64-i686-arm-none-eabi/bin/../lib/gcc/arm-none-eabi/14.3.1/../../../../arm-none-eabi/lib/thumb/v7e-m+dp/hard\libc_nano.a(libc_a-memset.o)
                              D:/MY_SOFT/Toolchain/gcc/arm-gnu-toolchain-14.3.rel1-mingw-w64-i686-arm-none-eabi/bin/../lib/gcc/arm-none-eabi/14.3.1/../../../../arm-none-eabi/lib/thumb/v7e-m+dp/hard/crt0.o (memset)
D:/MY_SOFT/Toolchain/gcc/arm-gnu-toolchain-14.3.rel1-mingw-w64-i686-arm-none-eabi/bin/../lib/gcc/arm-none-eabi/14.3.1/../../../../arm-none-eabi/lib/thumb/v7e-m+dp/hard\libc_nano.a(libc_a-closer.o)
                              D:/MY_SOFT/Toolchain/gcc/arm-gnu-toolchain-14.3.rel1-mingw-w64-i686-arm-none-eabi/bin/../lib/gcc/arm-none-eabi/14.3.1/../../../../arm-none-eabi/lib/thumb/v7e-m+dp/hard\libc_nano.a(libc_a-stdio.o) (_close_r)
D:/MY_SOFT/Toolchain/gcc/arm-gnu-toolchain-14.3.rel1-mingw-w64-i686-arm-none-eabi/bin/../lib/gcc/arm-none-eabi/14.3.1/../../../../arm-none-eabi/lib/thumb/v7e-m+dp/hard\libc_nano.a(libc_a-reent.o)
                              D:/MY_SOFT/Toolchain/gcc/arm-gnu-toolchain-14.3.rel1-mingw-w64-i686-arm-none-eabi/bin/../lib/gcc/arm-none-eabi/14.3.1/../../../../arm-none-eabi/lib/thumb/v7e-m+dp/hard\libc_nano.a(libc_a-closer.o) (errno)
D:/MY_SOFT/Toolchain/gcc/arm-gnu-toolchain-14.3.rel1-mingw-w64-i686-arm-none-eabi/bin/../lib/gcc/arm-none-eabi/14.3.1/../../../../arm-none-eabi/lib/thumb/v7e-m+dp/hard\libc_nano.a(libc_a-impure.o)
                              D:/MY_SOFT/Toolchain/gcc/arm-gnu-toolchain-14.3.rel1-mingw-w64-i686-arm-none-eabi/bin/../lib/gcc/arm-none-eabi/14.3.1/../../../../arm-none-eabi/lib/thumb/v7e-m+dp/hard\libc_nano.a(libc_a-reent.o) (_impure_ptr)
D:/MY_SOFT/Toolchain/gcc/arm-gnu-toolchain-14.3.rel1-mingw-w64-i686-arm-none-eabi/bin/../lib/gcc/arm-none-eabi/14.3.1/../../../../arm-none-eabi/lib/thumb/v7e-m+dp/hard\libc_nano.a(libc_a-lseekr.o)
                              D:/MY_SOFT/Toolchain/gcc/arm-gnu-toolchain-14.3.rel1-mingw-w64-i686-arm-none-eabi/bin/../lib/gcc/arm-none-eabi/14.3.1/../../../../arm-none-eabi/lib/thumb/v7e-m+dp/hard\libc_nano.a(libc_a-stdio.o) (_lseek_r)
D:/MY_SOFT/Toolchain/gcc/arm-gnu-toolchain-14.3.rel1-mingw-w64-i686-arm-none-eabi/bin/../lib/gcc/arm-none-eabi/14.3.1/../../../../arm-none-eabi/lib/thumb/v7e-m+dp/hard\libc_nano.a(libc_a-readr.o)
                              D:/MY_SOFT/Toolchain/gcc/arm-gnu-toolchain-14.3.rel1-mingw-w64-i686-arm-none-eabi/bin/../lib/gcc/arm-none-eabi/14.3.1/../../../../arm-none-eabi/lib/thumb/v7e-m+dp/hard\libc_nano.a(libc_a-stdio.o) (_read_r)
D:/MY_SOFT/Toolchain/gcc/arm-gnu-toolchain-14.3.rel1-mingw-w64-i686-arm-none-eabi/bin/../lib/gcc/arm-none-eabi/14.3.1/../../../../arm-none-eabi/lib/thumb/v7e-m+dp/hard\libc_nano.a(libc_a-writer.o)
                              D:/MY_SOFT/Toolchain/gcc/arm-gnu-toolchain-14.3.rel1-mingw-w64-i686-arm-none-eabi/bin/../lib/gcc/arm-none-eabi/14.3.1/../../../../arm-none-eabi/lib/thumb/v7e-m+dp/hard\libc_nano.a(libc_a-stdio.o) (_write_r)
D:/MY_SOFT/Toolchain/gcc/arm-gnu-toolchain-14.3.rel1-mingw-w64-i686-arm-none-eabi/bin/../lib/gcc/arm-none-eabi/14.3.1/../../../../arm-none-eabi/lib/thumb/v7e-m+dp/hard\libc_nano.a(libc_a-init.o)
[...]
Memory Configuration

Name             Origin             Length             Attributes
DTCMRAM          0x20000000         0x00020000         xrw
RAM              0x24000000         0x00020000         xrw
RAM_D2           0x30000000         0x00008000         xrw
RAM_D3           0x38000000         0x00004000         xrw
ITCMRAM          0x00000000         0x00010000         xrw
FLASH            0x08000000         0x00100000         xr
*default*        0x00000000         0xffffffff

Linker script and memory map

LOAD D:/MY_SOFT/Toolchain/gcc/arm-gnu-toolchain-14.3.rel1-mingw-w64-i686-arm-none-eabi/bin/../lib/gcc/arm-none-eabi/14.3.1/thumb/v7e-m+dp/hard/crti.o
LOAD D:/MY_SOFT/Toolchain/gcc/arm-gnu-toolchain-14.3.rel1-mingw-w64-i686-arm-none-eabi/bin/../lib/gcc/arm-none-eabi/14.3.1/thumb/v7e-m+dp/hard/crtbegin.o
LOAD D:/MY_SOFT/Toolchain/gcc/arm-gnu-toolchain-14.3.rel1-mingw-w64-i686-arm-none-eabi/bin/../lib/gcc/arm-none-eabi/14.3.1/../../../../arm-none-eabi/lib/thumb/v7e-m+dp/hard/crt0.o
START GROUP
LOAD D:/MY_SOFT/Toolchain/gcc/arm-gnu-toolchain-14.3.rel1-mingw-w64-i686-arm-none-eabi/bin/../lib/gcc/arm-none-eabi/14.3.1/../../../../arm-none-eabi/lib/thumb/v7e-m+dp/hard\libc_nano.a
LOAD D:/MY_SOFT/Toolchain/gcc/arm-gnu-toolchain-14.3.rel1-mingw-w64-i686-arm-none-eabi/bin/../lib/gcc/arm-none-eabi/14.3.1/../../../../arm-none-eabi/lib/thumb/v7e-m+dp/hard\libm.a
END GROUP
LOAD cmake/stm32cubemx/CMakeFiles/STM32_Drivers.dir/__/__/Core/Src/system_stm32h7xx.c.obj
LOAD cmake/stm32cubemx/CMakeFiles/STM32_Drivers.dir/__/__/Drivers/STM32H7xx_HAL_Driver/Src/stm32h7xx_hal_cortex.c.obj
LOAD cmake/stm32cubemx/CMakeFiles/STM32_Drivers.dir/__/__/Drivers/STM32H7xx_HAL_Driver/Src/stm32h7xx_hal_rcc.c.obj
LOAD cmake/stm32cubemx/CMakeFiles/STM32_Drivers.dir/__/__/Drivers/STM32H7xx_HAL_Driver/Src/stm32h7xx_hal_rcc_ex.c.obj
LOAD cmake/stm32cubemx/CMakeFiles/STM32_Drivers.dir/__/__/Drivers/STM32H7xx_HAL_Driver/Src/stm32h7xx_hal_flash.c.obj
LOAD cmake/stm32cubemx/CMakeFiles/STM32_Drivers.dir/__/__/Drivers/STM32H7xx_HAL_Driver/Src/stm32h7xx_hal_flash_ex.c.obj
LOAD cmake/stm32cubemx/CMakeFiles/STM32_Drivers.dir/__/__/Drivers/STM32H7xx_HAL_Driver/Src/stm32h7xx_hal_gpio.c.obj
LOAD cmake/stm32cubemx/CMakeFiles/STM32_Drivers.dir/__/__/Drivers/STM32H7xx_HAL_Driver/Src/stm32h7xx_hal_hsem.c.obj
LOAD cmake/stm32cubemx/CMakeFiles/STM32_Drivers.dir/__/__/Drivers/STM32H7xx_HAL_Driver/Src/stm32h7xx_hal_dma.c.obj
LOAD cmake/stm32cubemx/CMakeFiles/STM32_Drivers.dir/__/__/Drivers/STM32H7xx_HAL_Driver/Src/stm32h7xx_hal_dma_ex.c.obj
LOAD cmake/stm32cubemx/CMakeFiles/STM32_Drivers.dir/__/__/Drivers/STM32H7xx_HAL_Driver/Src/stm32h7xx_hal_mdma.c.obj
LOAD cmake/stm32cubemx/CMakeFiles/STM32_Drivers.dir/__/__/Drivers/STM32H7xx_HAL_Driver/Src/stm32h7xx_hal_pwr.c.obj
LOAD cmake/stm32cubemx/CMakeFiles/STM32_Drivers.dir/__/__/Drivers/STM32H7xx_HAL_Driver/Src/stm32h7xx_hal_pwr_ex.c.obj
LOAD cmake/stm32cubemx/CMakeFiles/STM32_Drivers.dir/__/__/Drivers/STM32H7xx_HAL_Driver/Src/stm32h7xx_hal.c.obj
LOAD cmake/stm32cubemx/CMakeFiles/STM32_Drivers.dir/__/__/Drivers/STM32H7xx_HAL_Driver/Src/stm32h7xx_hal_i2c.c.obj
LOAD cmake/stm32cubemx/CMakeFiles/STM32_Drivers.dir/__/__/Drivers/STM32H7xx_HAL_Driver/Src/stm32h7xx_hal_i2c_ex.c.obj
LOAD cmake/stm32cubemx/CMakeFiles/STM32_Drivers.dir/__/__/Drivers/STM32H7xx_HAL_Driver/Src/stm32h7xx_hal_exti.c.obj
LOAD cmake/stm32cubemx/CMakeFiles/STM32_Drivers.dir/__/__/Drivers/STM32H7xx_HAL_Driver/Src/stm32h7xx_hal_fdcan.c.obj
LOAD cmake/stm32cubemx/CMakeFiles/STM32_Drivers.dir/__/__/Drivers/STM32H7xx_HAL_Driver/Src/stm32h7xx_hal_spi.c.obj
LOAD cmake/stm32cubemx/CMakeFiles/STM32_Drivers.dir/__/__/Drivers/STM32H7xx_HAL_Driver/Src/stm32h7xx_hal_spi_ex.c.obj
LOAD cmake/stm32cubemx/CMakeFiles/STM32_Drivers.dir/__/__/Drivers/STM32H7xx_HAL_Driver/Src/stm32h7xx_hal_tim.c.obj
LOAD cmake/stm32cubemx/CMakeFiles/STM32_Drivers.dir/__/__/Drivers/STM32H7xx_HAL_Driver/Src/stm32h7xx_hal_tim_ex.c.obj
LOAD CMakeFiles/3508_DM.dir/Core/Src/main.c.obj
LOAD CMakeFiles/3508_DM.dir/Core/Src/gpio.c.obj
LOAD CMakeFiles/3508_DM.dir/Core/Src/fdcan.c.obj
LOAD CMakeFiles/3508_DM.dir/Core/Src/memorymap.c.obj
LOAD CMakeFiles/3508_DM.dir/Core/Src/spi.c.obj
LOAD CMakeFiles/3508_DM.dir/Core/Src/tim.c.obj
LOAD CMakeFiles/3508_DM.dir/Core/Src/stm32h7xx_it.c.obj
LOAD CMakeFiles/3508_DM.dir/Core/Src/stm32h7xx_hal_msp.c.obj
LOAD CMakeFiles/3508_DM.dir/Core/Src/sysmem.c.obj
LOAD CMakeFiles/3508_DM.dir/Core/Src/syscalls.c.obj
LOAD CMakeFiles/3508_DM.dir/startup_stm32h723xx.s.obj
LOAD CMakeFiles/3508_DM.dir/bsp/bsp_can.c.obj
LOAD CMakeFiles/3508_DM.dir/bsp/bsp_buzzer.c.obj
LOAD CMakeFiles/3508_DM.dir/bsp/bsp_led.c.obj
LOAD CMakeFiles/3508_DM.dir/modules/DJI_Motor.c.obj
START GROUP
LOAD D:/MY_SOFT/Toolchain/gcc/arm-gnu-toolchain-14.3.rel1-mingw-w64-i686-arm-none-eabi/bin/../lib/gcc/arm-none-eabi/14.3.1/thumb/v7e-m+dp/hard\libgcc.a
LOAD D:/MY_SOFT/Toolchain/gcc/arm-gnu-toolchain-14.3.rel1-mingw-w64-i686-arm-none-eabi/bin/../lib/gcc/arm-none-eabi/14.3.1/../../../../arm-none-eabi/lib/thumb/v7e-m+dp/hard\libg_nano.a
LOAD D:/MY_SOFT/Toolchain/gcc/arm-gnu-toolchain-14.3.rel1-mingw-w64-i686-arm-none-eabi/bin/../lib/gcc/arm-none-eabi/14.3.1/../../../../arm-none-eabi/lib/thumb/v7e-m+dp/hard\libc_nano.a
END GROUP
START GROUP
LOAD D:/MY_SOFT/Toolchain/gcc/arm-gnu-toolchain-14.3.rel1-mingw-w64-i686-arm-none-eabi/bin/../lib/gcc/arm-none-eabi/14.3.1/thumb/v7e-m+dp/hard\libgcc.a
LOAD D:/MY_SOFT/Toolchain/gcc/arm-gnu-toolchain-14.3.rel1-mingw-w64-i686-arm-none-eabi/bin/../lib/gcc/arm-none-eabi/14.3.1/../../../../arm-none-eabi/lib/thumb/v7e-m+dp/hard\libc_nano.a
END GROUP
LOAD D:/MY_SOFT/Toolchain/gcc/arm-gnu-toolchain-14.3.rel1-mingw-w64-i686-arm-none-eabi/bin/../lib/gcc/arm-none-eabi/14.3.1/thumb/v7e-m+dp/hard/crtend.o
LOAD D:/MY_SOFT/Toolchain/gcc/arm-gnu-toolchain-14.3.rel1-mingw-w64-i686-arm-none-eabi/bin/../lib/gcc/arm-none-eabi/14.3.1/thumb/v7e-m+dp/hard/crtn.o
                0x20020000                        _estack = (ORIGIN (DTCMRAM) + LENGTH (DTCMRAM))
                0x00000200                        _Min_Heap_Size = 0x200
                0x00000400                        _Min_Stack_Size = 0x400

.isr_vector     0x08000000      0x2cc
                0x08000000                        . = ALIGN (0x4)
 *(.isr_vector)
 .isr_vector    0x08000000      0x2cc CMakeFiles/3508_DM.dir/startup_stm32h723xx.s.obj
                0x08000000                g_pfnVectors
                0x080002cc                        . = ALIGN (0x4)

.text           0x080002cc     0x6570
                0x080002cc                        . = ALIGN (0x4)
 *(.text)
 *(.text*)
 .text.deregister_tm_clones
                0x080002cc       0x1c D:/MY_SOFT/Toolchain/gcc/arm-gnu-toolchain-14.3.rel1-mingw-w64-i686-arm-none-eabi/bin/../lib/gcc/arm-none-eabi/14.3.1/thumb/v7e-m+dp/hard/crtbegin.o
 .text.register_tm_clones
                0x080002e8       0x24 D:/MY_SOFT/Toolchain/gcc/arm-gnu-toolchain-14.3.rel1-mingw-w64-i686-arm-none-eabi/bin/../lib/gcc/arm-none-eabi/14.3.1/thumb/v7e-m+dp/hard/crtbegin.o
 .text.__do_global_dtors_aux
                0x0800030c       0x28 D:/MY_SOFT/Toolchain/gcc/arm-gnu-toolchain-14.3.rel1-mingw-w64-i686-arm-none-eabi/bin/../lib/gcc/arm-none-eabi/14.3.1/thumb/v7e-m+dp/hard/crtbegin.o
 .text.frame_dummy
                0x08000334       0x24 D:/MY_SOFT/Toolchain/gcc/arm-gnu-toolchain-14.3.rel1-mingw-w64-i686-arm-none-eabi/bin/../lib/gcc/arm-none-eabi/14.3.1/thumb/v7e-m+dp/hard/crtbegin.o
 .text.memset   0x08000358       0x10 D:/MY_SOFT/Toolchain/gcc/arm-gnu-toolchain-14.3.rel1-mingw-w64-i686-arm-none-eabi/bin/../lib/gcc/arm-none-eabi/14.3.1/../../../../arm-none-eabi/lib/thumb/v7e-m+dp/hard\libc_nano.a(libc_a-memset.o)
                0x08000358                memset
 .text.__libc_init_array
                0x08000368       0x48 D:/MY_SOFT/Toolchain/gcc/arm-gnu-toolchain-14.3.rel1-mingw-w64-i686-arm-none-eabi/bin/../lib/gcc/arm-none-eabi/14.3.1/../../../../arm-none-eabi/lib/thumb/v7e-m+dp/hard\libc_nano.a(libc_a-init.o)
                0x08000368                __libc_init_array
 .text.SystemInit
                0x080003b0      0x120 cmake/stm32cubemx/CMakeFiles/STM32_Drivers.dir/__/__/Core/Src/system_stm32h7xx.c.obj
                0x080003b0                SystemInit
 .text.ExitRun0Mode
                0x080004d0       0x30 cmake/stm32cubemx/CMakeFiles/STM32_Drivers.dir/__/__/Core/Src/system_stm32h7xx.c.obj
                0x080004d0                ExitRun0Mode
 .text.__NVIC_SetPriorityGrouping
                0x08000500       0x48 cmake/stm32cubemx/CMakeFiles/STM32_Drivers.dir/__/__/Drivers/STM32H7xx_HAL_Driver/Src/stm32h7xx_hal_cortex.c.obj
 .text.__NVIC_GetPriorityGrouping
                0x08000548       0x1c cmake/stm32cubemx/CMakeFiles/STM32_Drivers.dir/__/__/Drivers/STM32H7xx_HAL_Driver/Src/stm32h7xx_hal_cortex.c.obj
 .text.__NVIC_EnableIRQ
                0x08000564       0x3c cmake/stm32cubemx/CMakeFiles/STM32_Drivers.dir/__/__/Drivers/STM32H7xx_HAL_Driver/Src/stm32h7xx_hal_cortex.c.obj
 .text.__NVIC_SetPriority
                0x080005a0       0x54 cmake/stm32cubemx/CMakeFiles/STM32_Drivers.dir/__/__/Drivers/STM32H7xx_HAL_Driver/Src/stm32h7xx_hal_cortex.c.obj
 .text.NVIC_EncodePriority
                0x080005f4       0x66 cmake/stm32cubemx/CMakeFiles/STM32_Drivers.dir/__/__/Drivers/STM32H7xx_HAL_Driver/Src/stm32h7xx_hal_cortex.c.obj
 *fill*         0x0800065a        0x2 
 .text.SysTick_Config
                0x0800065c       0x44 cmake/stm32cubemx/CMakeFiles/STM32_Drivers.dir/__/__/Drivers/STM32H7xx_HAL_Driver/Src/stm32h7xx_hal_cortex.c.obj
 .text.HAL_NVIC_SetPriorityGrouping
                0x080006a0       0x16 cmake/stm32cubemx/CMakeFiles/STM32_Drivers.dir/__/__/Drivers/STM32H7xx_HAL_Driver/Src/stm32h7xx_hal_cortex.c.obj
                0x080006a0                HAL_NVIC_SetPriorityGrouping
 .text.HAL_NVIC_SetPriority
                0x080006b6       0x34 cmake/stm32cubemx/CMakeFiles/STM32_Drivers.dir/__/__/Drivers/STM32H7xx_HAL_Driver/Src/stm32h7xx_hal_cortex.c.obj
                0x080006b6                HAL_NVIC_SetPriority
 .text.HAL_NVIC_EnableIRQ
                0x080006ea       0x1c cmake/stm32cubemx/CMakeFiles/STM32_Drivers.dir/__/__/Drivers/STM32H7xx_HAL_Driver/Src/stm32h7xx_hal_cortex.c.obj
                0x080006ea                HAL_NVIC_EnableIRQ
 .text.HAL_SYSTICK_Config
                0x08000706       0x18 cmake/stm32cubemx/CMakeFiles/STM32_Drivers.dir/__/__/Drivers/STM32H7xx_HAL_Driver/Src/stm32h7xx_hal_cortex.c.obj
                0x08000706                HAL_SYSTICK_Config
 *fill*         0x0800071e        0x2 
 .text.HAL_RCC_OscConfig
                0x08000720      0x7b4 cmake/stm32cubemx/CMakeFiles/STM32_Drivers.dir/__/__/Drivers/STM32H7xx_HAL_Driver/Src/stm32h7xx_hal_rcc.c.obj
                0x08000720                HAL_RCC_OscConfig
 .text.HAL_RCC_ClockConfig
                0x08000ed4      0x36c cmake/stm32cubemx/CMakeFiles/STM32_Drivers.dir/__/__/Drivers/STM32H7xx_HAL_Driver/Src/stm32h7xx_hal_rcc.c.obj
                0x08000ed4                HAL_RCC_ClockConfig
 .text.HAL_RCC_GetSysClockFreq
                0x08001240      0x2f4 cmake/stm32cubemx/CMakeFiles/STM32_Drivers.dir/__/__/Drivers/STM32H7xx_HAL_Driver/Src/stm32h7xx_hal_rcc.c.obj
                0x08001240                HAL_RCC_GetSysClockFreq
 .text.HAL_RCCEx_PeriphCLKConfig
                0x08001534     0x1340 cmake/stm32cubemx/CMakeFiles/STM32_Drivers.dir/__/__/Drivers/STM32H7xx_HAL_Driver/Src/stm32h7xx_hal_rcc_ex.c.obj
                0x08001534                HAL_RCCEx_PeriphCLKConfig
 .text.RCCEx_PLL2_Config
                0x08002874      0x164 cmake/stm32cubemx/CMakeFiles/STM32_Drivers.dir/__/__/Drivers/STM32H7xx_HAL_Driver/Src/stm32h7xx_hal_rcc_ex.c.obj
 .text.RCCEx_PLL3_Config
                0x080029d8      0x164 cmake/stm32cubemx/CMakeFiles/STM32_Drivers.dir/__/__/Drivers/STM32H7xx_HAL_Driver/Src/stm32h7xx_hal_rcc_ex.c.obj
 .text.HAL_GPIO_Init
                0x08002b3c      0x350 cmake/stm32cubemx/CMakeFiles/STM32_Drivers.dir/__/__/Drivers/STM32H7xx_HAL_Driver/Src/stm32h7xx_hal_gpio.c.obj
                0x08002b3c                HAL_GPIO_Init
 .text.HAL_PWREx_ConfigSupply
                0x08002e8c       0x74 cmake/stm32cubemx/CMakeFiles/STM32_Drivers.dir/__/__/Drivers/STM32H7xx_HAL_Driver/Src/stm32h7xx_hal_pwr_ex.c.obj
                0x08002e8c                HAL_PWREx_ConfigSupply
 .text.HAL_Init
                0x08002f00       0x78 cmake/stm32cubemx/CMakeFiles/STM32_Drivers.dir/__/__/Drivers/STM32H7xx_HAL_Driver/Src/stm32h7xx_hal.c.obj
                0x08002f00                HAL_Init
 .text.HAL_InitTick
                0x08002f78       0x6c cmake/stm32cubemx/CMakeFiles/STM32_Drivers.dir/__/__/Drivers/STM32H7xx_HAL_Driver/Src/stm32h7xx_hal.c.obj
                0x08002f78                HAL_InitTick
 .text.HAL_IncTick
                0x08002fe4       0x28 cmake/stm32cubemx/CMakeFiles/STM32_Drivers.dir/__/__/Drivers/STM32H7xx_HAL_Driver/Src/stm32h7xx_hal.c.obj
                0x08002fe4                HAL_IncTick
 .text.HAL_GetTick
                0x0800300c       0x18 cmake/stm32cubemx/CMakeFiles/STM32_Drivers.dir/__/__/Drivers/STM32H7xx_HAL_Driver/Src/stm32h7xx_hal.c.obj
                0x0800300c                HAL_GetTick
 .text.HAL_Delay
                0x08003024       0x48 cmake/stm32cubemx/CMakeFiles/STM32_Drivers.dir/__/__/Drivers/STM32H7xx_HAL_Driver/Src/stm32h7xx_hal.c.obj
                0x08003024                HAL_Delay
 .text.HAL_FDCAN_Init
                0x0800306c      0x3bc cmake/stm32cubemx/CMakeFiles/STM32_Drivers.dir/__/__/Drivers/STM32H7xx_HAL_Driver/Src/stm32h7xx_hal_fdcan.c.obj
                0x0800306c                HAL_FDCAN_Init
 .text.HAL_FDCAN_ConfigFilter
                0x08003428       0xec cmake/stm32cubemx/CMakeFiles/STM32_Drivers.dir/__/__/Drivers/STM32H7xx_HAL_Driver/Src/stm32h7xx_hal_fdcan.c.obj
                0x08003428                HAL_FDCAN_ConfigFilter
 .text.HAL_FDCAN_ConfigGlobalFilter
                0x08003514       0x5a cmake/stm32cubemx/CMakeFiles/STM32_Drivers.dir/__/__/Drivers/STM32H7xx_HAL_Driver/Src/stm32h7xx_hal_fdcan.c.obj
                0x08003514                HAL_FDCAN_ConfigGlobalFilter
 .text.HAL_FDCAN_Start
                0x0800356e       0x56 cmake/stm32cubemx/CMakeFiles/STM32_Drivers.dir/__/__/Drivers/STM32H7xx_HAL_Driver/Src/stm32h7xx_hal_fdcan.c.obj
                0x0800356e                HAL_FDCAN_Start
 .text.HAL_FDCAN_AddMessageToTxFifoQ
                0x080035c4       0xb6 cmake/stm32cubemx/CMakeFiles/STM32_Drivers.dir/__/__/Drivers/STM32H7xx_HAL_Driver/Src/stm32h7xx_hal_fdcan.c.obj
                0x080035c4                HAL_FDCAN_AddMessageToTxFifoQ
 *fill*         0x0800367a        0x2 
 .text.HAL_FDCAN_GetRxMessage
                0x0800367c      0x2d8 cmake/stm32cubemx/CMakeFiles/STM32_Drivers.dir/__/__/Drivers/STM32H7xx_HAL_Driver/Src/stm32h7xx_hal_fdcan.c.obj
                0x0800367c                HAL_FDCAN_GetRxMessage
 .text.HAL_FDCAN_ActivateNotification
                0x08003954       0xf4 cmake/stm32cubemx/CMakeFiles/STM32_Drivers.dir/__/__/Drivers/STM32H7xx_HAL_Driver/Src/stm32h7xx_hal_fdcan.c.obj
                0x08003954                HAL_FDCAN_ActivateNotification
 .text.HAL_FDCAN_IRQHandler
                0x08003a48      0x4bc cmake/stm32cubemx/CMakeFiles/STM32_Drivers.dir/__/__/Drivers/STM32H7xx_HAL_Driver/Src/stm32h7xx_hal_fdcan.c.obj
                0x08003a48                HAL_FDCAN_IRQHandler
 .text.HAL_FDCAN_ClockCalibrationCallback
                0x08003f04       0x16 cmake/stm32cubemx/CMakeFiles/STM32_Drivers.dir/__/__/Drivers/STM32H7xx_HAL_Driver/Src/stm32h7xx_hal_fdcan.c.obj
                0x08003f04                HAL_FDCAN_ClockCalibrationCallback
 .text.HAL_FDCAN_TxEventFifoCallback
                0x08003f1a       0x16 cmake/stm32cubemx/CMakeFiles/STM32_Drivers.dir/__/__/Drivers/STM32H7xx_HAL_Driver/Src/stm32h7xx_hal_fdcan.c.obj
                0x08003f1a                HAL_FDCAN_TxEventFifoCallback
 .text.HAL_FDCAN_RxFifo1Callback
                0x08003f30       0x16 cmake/stm32cubemx/CMakeFiles/STM32_Drivers.dir/__/__/Drivers/STM32H7xx_HAL_Driver/Src/stm32h7xx_hal_fdcan.c.obj
                0x08003f30                HAL_FDCAN_RxFifo1Callback
 .text.HAL_FDCAN_TxFifoEmptyCallback
                0x08003f46       0x14 cmake/stm32cubemx/CMakeFiles/STM32_Drivers.dir/__/__/Drivers/STM32H7xx_HAL_Driver/Src/stm32h7xx_hal_fdcan.c.obj
                0x08003f46                HAL_FDCAN_TxFifoEmptyCallback
 .text.HAL_FDCAN_TxBufferCompleteCallback
                0x08003f5a       0x16 cmake/stm32cubemx/CMakeFiles/STM32_Drivers.dir/__/__/Drivers/STM32H7xx_HAL_Driver/Src/stm32h7xx_hal_fdcan.c.obj
                0x08003f5a                HAL_FDCAN_TxBufferCompleteCallback
 .text.HAL_FDCAN_TxBufferAbortCallback
                0x08003f70       0x16 cmake/stm32cubemx/CMakeFiles/STM32_Drivers.dir/__/__/Drivers/STM32H7xx_HAL_Driver/Src/stm32h7xx_hal_fdcan.c.obj
                0x08003f70                HAL_FDCAN_TxBufferAbortCallback
 .text.HAL_FDCAN_RxBufferNewMessageCallback
                0x08003f86       0x14 cmake/stm32cubemx/CMakeFiles/STM32_Drivers.dir/__/__/Drivers/STM32H7xx_HAL_Driver/Src/stm32h7xx_hal_fdcan.c.obj
                0x08003f86                HAL_FDCAN_RxBufferNewMessageCallback
 .text.HAL_FDCAN_TimestampWraparoundCallback
                0x08003f9a       0x14 cmake/stm32cubemx/CMakeFiles/STM32_Drivers.dir/__/__/Drivers/STM32H7xx_HAL_Driver/Src/stm32h7xx_hal_fdcan.c.obj
                0x08003f9a                HAL_FDCAN_TimestampWraparoundCallback
 .text.HAL_FDCAN_TimeoutOccurredCallback
                0x08003fae       0x14 cmake/stm32cubemx/CMakeFiles/STM32_Drivers.dir/__/__/Drivers/STM32H7xx_HAL_Driver/Src/stm32h7xx_hal_fdcan.c.obj
                0x08003fae                HAL_FDCAN_TimeoutOccurredCallback
 .text.HAL_FDCAN_HighPriorityMessageCallback
                0x08003fc2       0x14 cmake/stm32cubemx/CMakeFiles/STM32_Drivers.dir/__/__/Drivers/STM32H7xx_HAL_Driver/Src/stm32h7xx_hal_fdcan.c.obj
                0x08003fc2                HAL_FDCAN_HighPriorityMessageCallback
 .text.HAL_FDCAN_ErrorCallback
                0x08003fd6       0x14 cmake/stm32cubemx/CMakeFiles/STM32_Drivers.dir/__/__/Drivers/STM32H7xx_HAL_Driver/Src/stm32h7xx_hal_fdcan.c.obj
                0x08003fd6                HAL_FDCAN_ErrorCallback
 .text.HAL_FDCAN_ErrorStatusCallback
                0x08003fea       0x16 cmake/stm32cubemx/CMakeFiles/STM32_Drivers.dir/__/__/Drivers/STM32H7xx_HAL_Driver/Src/stm32h7xx_hal_fdcan.c.obj
                0x08003fea                HAL_FDCAN_ErrorStatusCallback
 .text.HAL_FDCAN_TT_ScheduleSyncCallback
                0x08004000       0x16 cmake/stm32cubemx/CMakeFiles/STM32_Drivers.dir/__/__/Drivers/STM32H7xx_HAL_Driver/Src/stm32h7xx_hal_fdcan.c.obj
                0x08004000                HAL_FDCAN_TT_ScheduleSyncCallback
 .text.HAL_FDCAN_TT_TimeMarkCallback
                0x08004016       0x16 cmake/stm32cubemx/CMakeFiles/STM32_Drivers.dir/__/__/Drivers/STM32H7xx_HAL_Driver/Src/stm32h7xx_hal_fdcan.c.obj
                0x08004016                HAL_FDCAN_TT_TimeMarkCallback
 .text.HAL_FDCAN_TT_StopWatchCallback
                0x0800402c       0x18 cmake/stm32cubemx/CMakeFiles/STM32_Drivers.dir/__/__/Drivers/STM32H7xx_HAL_Driver/Src/stm32h7xx_hal_fdcan.c.obj
                0x0800402c                HAL_FDCAN_TT_StopWatchCallback
 .text.HAL_FDCAN_TT_GlobalTimeCallback
                0x08004044       0x16 cmake/stm32cubemx/CMakeFiles/STM32_Drivers.dir/__/__/Drivers/STM32H7xx_HAL_Driver/Src/stm32h7xx_hal_fdcan.c.obj
                0x08004044                HAL_FDCAN_TT_GlobalTimeCallback
 *fill*         0x0800405a        0x2 
 .text.FDCAN_CalcultateRamBlockAddresses
                0x0800405c      0x30c cmake/stm32cubemx/CMakeFiles/STM32_Drivers.dir/__/__/Drivers/STM32H7xx_HAL_Driver/Src/stm32h7xx_hal_fdcan.c.obj
 .text.FDCAN_CopyMessageToRAM
                0x08004368       0xfc cmake/stm32cubemx/CMakeFiles/STM32_Drivers.dir/__/__/Drivers/STM32H7xx_HAL_Driver/Src/stm32h7xx_hal_fdcan.c.obj
 .text.HAL_SPI_Init
                0x08004464      0x248 cmake/stm32cubemx/CMakeFiles/STM32_Drivers.dir/__/__/Drivers/STM32H7xx_HAL_Driver/Src/stm32h7xx_hal_spi.c.obj
                0x08004464                HAL_SPI_Init
 .text.SPI_GetPacketSize
                0x080046ac       0x36 cmake/stm32cubemx/CMakeFiles/STM32_Drivers.dir/__/__/Drivers/STM32H7xx_HAL_Driver/Src/stm32h7xx_hal_spi.c.obj
 .text.HAL_TIM_Base_Init
                0x080046e2       0xae cmake/stm32cubemx/CMakeFiles/STM32_Drivers.dir/__/__/Drivers/STM32H7xx_HAL_Driver/Src/stm32h7xx_hal_tim.c.obj
                0x080046e2                HAL_TIM_Base_Init
 .text.HAL_TIM_Base_Start_IT
                0x08004790      0x10c cmake/stm32cubemx/CMakeFiles/STM32_Drivers.dir/__/__/Drivers/STM32H7xx_HAL_Driver/Src/stm32h7xx_hal_tim.c.obj
                0x08004790                HAL_TIM_Base_Start_IT
 .text.HAL_TIM_PWM_Init
                0x0800489c       0xae cmake/stm32cubemx/CMakeFiles/STM32_Drivers.dir/__/__/Drivers/STM32H7xx_HAL_Driver/Src/stm32h7xx_hal_tim.c.obj
                0x0800489c                HAL_TIM_PWM_Init
 *fill*         0x0800494a        0x2 
 .text.HAL_TIM_PWM_Start
                0x0800494c      0x238 cmake/stm32cubemx/CMakeFiles/STM32_Drivers.dir/__/__/Drivers/STM32H7xx_HAL_Driver/Src/stm32h7xx_hal_tim.c.obj
                0x0800494c                HAL_TIM_PWM_Start
 .text.HAL_TIM_IRQHandler
                0x08004b84      0x20e cmake/stm32cubemx/CMakeFiles/STM32_Drivers.dir/__/__/Drivers/STM32H7xx_HAL_Driver/Src/stm32h7xx_hal_tim.c.obj
                0x08004b84                HAL_TIM_IRQHandler
 *fill*         0x08004d92        0x2 
 .text.HAL_TIM_PWM_ConfigChannel
                0x08004d94      0x228 cmake/stm32cubemx/CMakeFiles/STM32_Drivers.dir/__/__/Drivers/STM32H7xx_HAL_Driver/Src/stm32h7xx_hal_tim.c.obj
                0x08004d94                HAL_TIM_PWM_ConfigChannel
 .text.HAL_TIM_ConfigClockSource
                0x08004fbc      0x1f0 cmake/stm32cubemx/CMakeFiles/STM32_Drivers.dir/__/__/Drivers/STM32H7xx_HAL_Driver/Src/stm32h7xx_hal_tim.c.obj
                0x08004fbc                HAL_TIM_ConfigClockSource
 .text.HAL_TIM_OC_DelayElapsedCallback
                0x080051ac       0x14 cmake/stm32cubemx/CMakeFiles/STM32_Drivers.dir/__/__/Drivers/STM32H7xx_HAL_Driver/Src/stm32h7xx_hal_tim.c.obj
                0x080051ac                HAL_TIM_OC_DelayElapsedCallback
 .text.HAL_TIM_IC_CaptureCallback
                0x080051c0       0x14 cmake/stm32cubemx/CMakeFiles/STM32_Drivers.dir/__/__/Drivers/STM32H7xx_HAL_Driver/Src/stm32h7xx_hal_tim.c.obj
                0x080051c0                HAL_TIM_IC_CaptureCallback
 .text.HAL_TIM_PWM_PulseFinishedCallback
                0x080051d4       0x14 cmake/stm32cubemx/CMakeFiles/STM32_Drivers.dir/__/__/Drivers/STM32H7xx_HAL_Driver/Src/stm32h7xx_hal_tim.c.obj
                0x080051d4                HAL_TIM_PWM_PulseFinishedCallback
 .text.HAL_TIM_TriggerCallback
                0x080051e8       0x14 cmake/stm32cubemx/CMakeFiles/STM32_Drivers.dir/__/__/Drivers/STM32H7xx_HAL_Driver/Src/stm32h7xx_hal_tim.c.obj
                0x080051e8                HAL_TIM_TriggerCallback
 .text.TIM_Base_SetConfig
                0x080051fc      0x158 cmake/stm32cubemx/CMakeFiles/STM32_Drivers.dir/__/__/Drivers/STM32H7xx_HAL_Driver/Src/stm32h7xx_hal_tim.c.obj
                0x080051fc                TIM_Base_SetConfig
 .text.TIM_OC1_SetConfig
                0x08005354      0x120 cmake/stm32cubemx/CMakeFiles/STM32_Drivers.dir/__/__/Drivers/STM32H7xx_HAL_Driver/Src/stm32h7xx_hal_tim.c.obj
 .text.TIM_OC2_SetConfig
                0x08005474      0x114 cmake/stm32cubemx/CMakeFiles/STM32_Drivers.dir/__/__/Drivers/STM32H7xx_HAL_Driver/Src/stm32h7xx_hal_tim.c.obj
                0x08005474                TIM_OC2_SetConfig
 .text.TIM_OC3_SetConfig
                0x08005588      0x110 cmake/stm32cubemx/CMakeFiles/STM32_Drivers.dir/__/__/Drivers/STM32H7xx_HAL_Driver/Src/stm32h7xx_hal_tim.c.obj
 .text.TIM_OC4_SetConfig
                0x08005698       0xd4 cmake/stm32cubemx/CMakeFiles/STM32_Drivers.dir/__/__/Drivers/STM32H7xx_HAL_Driver/Src/stm32h7xx_hal_tim.c.obj
 .text.TIM_OC5_SetConfig
                0x0800576c       0xc8 cmake/stm32cubemx/CMakeFiles/STM32_Drivers.dir/__/__/Drivers/STM32H7xx_HAL_Driver/Src/stm32h7xx_hal_tim.c.obj
 .text.TIM_OC6_SetConfig
                0x08005834       0xcc cmake/stm32cubemx/CMakeFiles/STM32_Drivers.dir/__/__/Drivers/STM32H7xx_HAL_Driver/Src/stm32h7xx_hal_tim.c.obj
 .text.TIM_TI1_ConfigInputStage
                0x08005900       0x5e cmake/stm32cubemx/CMakeFiles/STM32_Drivers.dir/__/__/Drivers/STM32H7xx_HAL_Driver/Src/stm32h7xx_hal_tim.c.obj
 .text.TIM_TI2_ConfigInputStage
                0x0800595e       0x60 cmake/stm32cubemx/CMakeFiles/STM32_Drivers.dir/__/__/Drivers/STM32H7xx_HAL_Driver/Src/stm32h7xx_hal_tim.c.obj
 *fill*         0x080059be        0x2 
 .text.TIM_ITRx_SetConfig
                0x080059c0       0x3c cmake/stm32cubemx/CMakeFiles/STM32_Drivers.dir/__/__/Drivers/STM32H7xx_HAL_Driver/Src/stm32h7xx_hal_tim.c.obj
 .text.TIM_ETR_SetConfig
                0x080059fc       0x40 cmake/stm32cubemx/CMakeFiles/STM32_Drivers.dir/__/__/Drivers/STM32H7xx_HAL_Driver/Src/stm32h7xx_hal_tim.c.obj
                0x080059fc                TIM_ETR_SetConfig
 .text.TIM_CCxChannelCmd
                0x08005a3c       0x4a cmake/stm32cubemx/CMakeFiles/STM32_Drivers.dir/__/__/Drivers/STM32H7xx_HAL_Driver/Src/stm32h7xx_hal_tim.c.obj
                0x08005a3c                TIM_CCxChannelCmd
 *fill*         0x08005a86        0x2 
 .text.HAL_TIMEx_MasterConfigSynchronization
                0x08005a88      0x138 cmake/stm32cubemx/CMakeFiles/STM32_Drivers.dir/__/__/Drivers/STM32H7xx_HAL_Driver/Src/stm32h7xx_hal_tim_ex.c.obj
                0x08005a88                HAL_TIMEx_MasterConfigSynchronization
 .text.HAL_TIMEx_CommutCallback
                0x08005bc0       0x14 cmake/stm32cubemx/CMakeFiles/STM32_Drivers.dir/__/__/Drivers/STM32H7xx_HAL_Driver/Src/stm32h7xx_hal_tim_ex.c.obj
                0x08005bc0                HAL_TIMEx_CommutCallback
 .text.HAL_TIMEx_BreakCallback
                0x08005bd4       0x14 cmake/stm32cubemx/CMakeFiles/STM32_Drivers.dir/__/__/Drivers/STM32H7xx_HAL_Driver/Src/stm32h7xx_hal_tim_ex.c.obj
                0x08005bd4                HAL_TIMEx_BreakCallback
 .text.HAL_TIMEx_Break2Callback
                0x08005be8       0x14 cmake/stm32cubemx/CMakeFiles/STM32_Drivers.dir/__/__/Drivers/STM32H7xx_HAL_Driver/Src/stm32h7xx_hal_tim_ex.c.obj
                0x08005be8                HAL_TIMEx_Break2Callback
 .text.main     0x08005bfc       0x38 CMakeFiles/3508_DM.dir/Core/Src/main.c.obj
                0x08005bfc                main
 .text.SystemClock_Config
                0x08005c34       0xdc CMakeFiles/3508_DM.dir/Core/Src/main.c.obj
                0x08005c34                SystemClock_Config
 .text.Error_Handler
                0x08005d10        0xc CMakeFiles/3508_DM.dir/Core/Src/main.c.obj
                0x08005d10                Error_Handler
 .text.MX_GPIO_Init
                0x08005d1c       0x90 CMakeFiles/3508_DM.dir/Core/Src/gpio.c.obj
                0x08005d1c                MX_GPIO_Init
 .text.MX_FDCAN1_Init
                0x08005dac       0xc8 CMakeFiles/3508_DM.dir/Core/Src/fdcan.c.obj
                0x08005dac                MX_FDCAN1_Init
 .text.HAL_FDCAN_MspInit
                0x08005e74       0xf0 CMakeFiles/3508_DM.dir/Core/Src/fdcan.c.obj
                0x08005e74                HAL_FDCAN_MspInit
 .text.MX_SPI6_Init
                0x08005f64       0xb0 CMakeFiles/3508_DM.dir/Core/Src/spi.c.obj
                0x08005f64                MX_SPI6_Init
 .text.HAL_SPI_MspInit
                0x08006014       0xd4 CMakeFiles/3508_DM.dir/Core/Src/spi.c.obj
                0x08006014                HAL_SPI_MspInit
 .text.MX_TIM2_Init
                0x080060e8       0x9c CMakeFiles/3508_DM.dir/Core/Src/tim.c.obj
                0x080060e8                MX_TIM2_Init
 .text.MX_TIM12_Init
                0x08006184       0xb4 CMakeFiles/3508_DM.dir/Core/Src/tim.c.obj
                0x08006184                MX_TIM12_Init
 .text.HAL_TIM_Base_MspInit
                0x08006238       0x4c CMakeFiles/3508_DM.dir/Core/Src/tim.c.obj
                0x08006238                HAL_TIM_Base_MspInit
 .text.HAL_TIM_PWM_MspInit
                0x08006284       0x44 CMakeFiles/3508_DM.dir/Core/Src/tim.c.obj
                0x08006284                HAL_TIM_PWM_MspInit
 .text.HAL_TIM_MspPostInit
                0x080062c8       0x78 CMakeFiles/3508_DM.dir/Core/Src/tim.c.obj
                0x080062c8                HAL_TIM_MspPostInit
 .text.NMI_Handler
                0x08006340        0x8 CMakeFiles/3508_DM.dir/Core/Src/stm32h7xx_it.c.obj
                0x08006340                NMI_Handler
 .text.HardFault_Handler
                0x08006348        0x8 CMakeFiles/3508_DM.dir/Core/Src/stm32h7xx_it.c.obj
                0x08006348                HardFault_Handler
 .text.MemManage_Handler
                0x08006350        0x8 CMakeFiles/3508_DM.dir/Core/Src/stm32h7xx_it.c.obj
                0x08006350                MemManage_Handler
 .text.BusFault_Handler
                0x08006358        0x8 CMakeFiles/3508_DM.dir/Core/Src/stm32h7xx_it.c.obj
                0x08006358                BusFault_Handler
 .text.UsageFault_Handler
                0x08006360        0x8 CMakeFiles/3508_DM.dir/Core/Src/stm32h7xx_it.c.obj
                0x08006360                UsageFault_Handler
 .text.SVC_Handler
                0x08006368        0xe CMakeFiles/3508_DM.dir/Core/Src/stm32h7xx_it.c.obj
                0x08006368                SVC_Handler
 .text.DebugMon_Handler
                0x08006376        0xe CMakeFiles/3508_DM.dir/Core/Src/stm32h7xx_it.c.obj
                0x08006376                DebugMon_Handler
 .text.PendSV_Handler
                0x08006384        0xe CMakeFiles/3508_DM.dir/Core/Src/stm32h7xx_it.c.obj
                0x08006384                PendSV_Handler
 .text.SysTick_Handler
                0x08006392        0xc CMakeFiles/3508_DM.dir/Core/Src/stm32h7xx_it.c.obj
                0x08006392                SysTick_Handler
 *fill*         0x0800639e        0x2 
 .text.FDCAN1_IT0_IRQHandler
                0x080063a0       0x14 CMakeFiles/3508_DM.dir/Core/Src/stm32h7xx_it.c.obj
                0x080063a0                FDCAN1_IT0_IRQHandler
 .text.FDCAN1_IT1_IRQHandler
                0x080063b4       0x14 CMakeFiles/3508_DM.dir/Core/Src/stm32h7xx_it.c.obj
                0x080063b4                FDCAN1_IT1_IRQHandler
 .text.TIM2_IRQHandler
                0x080063c8       0x14 CMakeFiles/3508_DM.dir/Core/Src/stm32h7xx_it.c.obj
                0x080063c8                TIM2_IRQHandler
 .text.HAL_TIM_PeriodElapsedCallback
                0x080063dc       0x2c CMakeFiles/3508_DM.dir/Core/Src/stm32h7xx_it.c.obj
                0x080063dc                HAL_TIM_PeriodElapsedCallback
 .text.HAL_MspInit
                0x08006408       0x34 CMakeFiles/3508_DM.dir/Core/Src/stm32h7xx_hal_msp.c.obj
                0x08006408                HAL_MspInit
 .text.Reset_Handler
                0x0800643c       0x54 CMakeFiles/3508_DM.dir/startup_stm32h723xx.s.obj
                0x0800643c                Reset_Handler
 .text.Default_Handler
                0x08006490        0x2 CMakeFiles/3508_DM.dir/startup_stm32h723xx.s.obj
                0x08006490                RTC_Alarm_IRQHandler
                0x08006490                EXTI2_IRQHandler
                0x08006490                TIM8_CC_IRQHandler
                0x08006490                UART8_IRQHandler
                0x08006490                SPI4_IRQHandler
                0x08006490                FDCAN3_IT0_IRQHandler
                0x08006490                TIM1_CC_IRQHandler
                0x08006490                BDMA_Channel6_IRQHandler
                0x08006490                DMA2_Stream5_IRQHandler
                0x08006490                DMA1_Stream5_IRQHandler
                0x08006490                CORDIC_IRQHandler
                0x08006490                BDMA_Channel1_IRQHandler
                0x08006490                TAMP_STAMP_IRQHandler
                0x08006490                EXTI3_IRQHandler
                0x08006490                LPTIM4_IRQHandler
                0x08006490                TIM8_TRG_COM_TIM14_IRQHandler
                0x08006490                LPTIM2_IRQHandler
                0x08006490                DFSDM1_FLT1_IRQHandler
                0x08006490                DMAMUX2_OVR_IRQHandler
                0x08006490                TIM8_UP_TIM13_IRQHandler
                0x08006490                I2C3_ER_IRQHandler
                0x08006490                DFSDM1_FLT2_IRQHandler
                0x08006490                I2C5_EV_IRQHandler
                0x08006490                USART10_IRQHandler
                0x08006490                MDMA_IRQHandler
                0x08006490                LPTIM3_IRQHandler
                0x08006490                HSEM1_IRQHandler
                0x08006490                EXTI0_IRQHandler
                0x08006490                I2C2_EV_IRQHandler
                0x08006490                DMA1_Stream2_IRQHandler
                0x08006490                FPU_IRQHandler
                0x08006490                OTG_HS_WKUP_IRQHandler
                0x08006490                LTDC_ER_IRQHandler
                0x08006490                DMA2_Stream2_IRQHandler
                0x08006490                SPI1_IRQHandler
                0x08006490                OCTOSPI1_IRQHandler
                0x08006490                TIM6_DAC_IRQHandler
                0x08006490                DMA2_Stream3_IRQHandler
                0x08006490                OCTOSPI2_IRQHandler
                0x08006490                DFSDM1_FLT3_IRQHandler
                0x08006490                TIM23_IRQHandler
                0x08006490                USART6_IRQHandler
                0x08006490                TIM17_IRQHandler
                0x08006490                USART3_IRQHandler
                0x08006490                BDMA_Channel7_IRQHandler
                0x08006490                LPTIM5_IRQHandler
                0x08006490                UART5_IRQHandler
                0x08006490                ADC3_IRQHandler
                0x08006490                DMA2_Stream0_IRQHandler
                0x08006490                TIM4_IRQHandler
                0x08006490                BDMA_Channel2_IRQHandler
                0x08006490                I2C1_EV_IRQHandler
                0x08006490                DMA1_Stream6_IRQHandler
                0x08006490                DMAMUX1_OVR_IRQHandler
                0x08006490                DMA1_Stream1_IRQHandler
                0x08006490                TIM16_IRQHandler
                0x08006490                UART4_IRQHandler
                0x08006490                BDMA_Channel5_IRQHandler
                0x08006490                TIM3_IRQHandler
                0x08006490                RCC_IRQHandler
                0x08006490                UART9_IRQHandler
                0x08006490                TIM8_BRK_TIM12_IRQHandler
                0x08006490                TIM1_TRG_COM_IRQHandler
                0x08006490                Default_Handler
                0x08006490                ECC_IRQHandler
                0x08006490                FMAC_IRQHandler
                0x08006490                CEC_IRQHandler
                0x08006490                EXTI15_10_IRQHandler
                0x08006490                BDMA_Channel0_IRQHandler
                0x08006490                ADC_IRQHandler
                0x08006490                I2C5_ER_IRQHandler
                0x08006490                DMA1_Stream7_IRQHandler
                0x08006490                SPI5_IRQHandler
                0x08006490                TIM7_IRQHandler
                0x08006490                FDCAN3_IT1_IRQHandler
                0x08006490                SDMMC1_IRQHandler
                0x08006490                TIM5_IRQHandler
                0x08006490                DMA2_Stream7_IRQHandler
                0x08006490                TIM15_IRQHandler
                0x08006490                PVD_AVD_IRQHandler
                0x08006490                I2C3_EV_IRQHandler
                0x08006490                EXTI9_5_IRQHandler
                0x08006490                RTC_WKUP_IRQHandler
                0x08006490                LTDC_IRQHandler
                0x08006490                ETH_WKUP_IRQHandler
                0x08006490                SPDIF_RX_IRQHandler
                0x08006490                SPI2_IRQHandler
                0x08006490                OTG_HS_EP1_IN_IRQHandler
                0x08006490                DMA1_Stream0_IRQHandler
                0x08006490                TIM24_IRQHandler
                0x08006490                CRS_IRQHandler
                0x08006490                EXTI4_IRQHandler
                0x08006490                RNG_IRQHandler
                0x08006490                FDCAN2_IT1_IRQHandler
                0x08006490                ETH_IRQHandler
                0x08006490                TIM1_UP_IRQHandler
                0x08006490                BDMA_Channel4_IRQHandler
                0x08006490                OTG_HS_EP1_OUT_IRQHandler
                0x08006490                WWDG_IRQHandler
                0x08006490                SPI6_IRQHandler
                0x08006490                MDIOS_IRQHandler
                0x08006490                I2C4_EV_IRQHandler
                0x08006490                FDCAN2_IT0_IRQHandler
                0x08006490                LPUART1_IRQHandler
                0x08006490                OTG_HS_IRQHandler
                0x08006490                DMA2D_IRQHandler
                0x08006490                TIM1_BRK_IRQHandler
                0x08006490                EXTI1_IRQHandler
                0x08006490                SDMMC2_IRQHandler
                0x08006490                BDMA_Channel3_IRQHandler
                0x08006490                DTS_IRQHandler
                0x08006490                UART7_IRQHandler
                0x08006490                MDIOS_WKUP_IRQHandler
                0x08006490                USART2_IRQHandler
                0x08006490                DFSDM1_FLT0_IRQHandler
                0x08006490                SAI4_IRQHandler
                0x08006490                I2C2_ER_IRQHandler
                0x08006490                DMA2_Stream1_IRQHandler
                0x08006490                FLASH_IRQHandler
                0x08006490                DMA2_Stream4_IRQHandler
                0x08006490                USART1_IRQHandler
                0x08006490                SPI3_IRQHandler
                0x08006490                WAKEUP_PIN_IRQHandler
                0x08006490                DMA1_Stream4_IRQHandler
                0x08006490                I2C1_ER_IRQHandler
                0x08006490                FMC_IRQHandler
                0x08006490                FDCAN_CAL_IRQHandler
                0x08006490                SWPMI1_IRQHandler
                0x08006490                COMP1_IRQHandler
                0x08006490                LPTIM1_IRQHandler
                0x08006490                DCMI_PSSI_IRQHandler
                0x08006490                I2C4_ER_IRQHandler
                0x08006490                DMA2_Stream6_IRQHandler
                0x08006490                SAI1_IRQHandler
                0x08006490                DMA1_Stream3_IRQHandler
 *fill*         0x08006492        0x2 
 .text.bsp_can_init
                0x08006494       0x40 CMakeFiles/3508_DM.dir/bsp/bsp_can.c.obj
                0x08006494                bsp_can_init
 .text.can_filter_init
                0x080064d4       0x34 CMakeFiles/3508_DM.dir/bsp/bsp_can.c.obj
                0x080064d4                can_filter_init
 .text.fdcanx_send_data
                0x08006508       0x54 CMakeFiles/3508_DM.dir/bsp/bsp_can.c.obj
                0x08006508                fdcanx_send_data
 .text.fdcanx_receive
                0x0800655c      0x100 CMakeFiles/3508_DM.dir/bsp/bsp_can.c.obj
                0x0800655c                fdcanx_receive
 .text.fdcan1_rx_callback
                0x0800665c       0x2c CMakeFiles/3508_DM.dir/bsp/bsp_can.c.obj
                0x0800665c                fdcan1_rx_callback
 .text.HAL_FDCAN_RxFifo0Callback
                0x08006688       0x24 CMakeFiles/3508_DM.dir/bsp/bsp_can.c.obj
                0x08006688                HAL_FDCAN_RxFifo0Callback
 .text.get_djimotor_measure
                0x080066ac       0x72 CMakeFiles/3508_DM.dir/bsp/bsp_can.c.obj
                0x080066ac                get_djimotor_measure
 *fill*         0x0800671e        0x2 
 .text.buzzer_init
                0x08006720       0x78 CMakeFiles/3508_DM.dir/bsp/bsp_buzzer.c.obj
                0x08006720                buzzer_init
 .text.spd_mode
                0x08006798       0x70 CMakeFiles/3508_DM.dir/modules/DJI_Motor.c.obj
                0x08006798                spd_mode
 .text.memcpy   0x08006808       0x1c D:/MY_SOFT/Toolchain/gcc/arm-gnu-toolchain-14.3.rel1-mingw-w64-i686-arm-none-eabi/bin/../lib/gcc/arm-none-eabi/14.3.1/../../../../arm-none-eabi/lib/thumb/v7e-m+dp/hard\libg_nano.a(libc_a-memcpy-stub.o)
                0x08006808                memcpy
 *(.glue_7)
 .glue_7        0x08006824        0x0 linker stubs
 *(.glue_7t)
 .glue_7t       0x08006824        0x0 linker stubs
 *(.eh_frame)
 .eh_frame      0x08006824        0x0 D:/MY_SOFT/Toolchain/gcc/arm-gnu-toolchain-14.3.rel1-mingw-w64-i686-arm-none-eabi/bin/../lib/gcc/arm-none-eabi/14.3.1/thumb/v7e-m+dp/hard/crtbegin.o
 *(.init)
 .init          0x08006824        0x4 D:/MY_SOFT/Toolchain/gcc/arm-gnu-toolchain-14.3.rel1-mingw-w64-i686-arm-none-eabi/bin/../lib/gcc/arm-none-eabi/14.3.1/thumb/v7e-m+dp/hard/crti.o
                0x08006824                _init
 .init          0x08006828        0x8 D:/MY_SOFT/Toolchain/gcc/arm-gnu-toolchain-14.3.rel1-mingw-w64-i686-arm-none-eabi/bin/../lib/gcc/arm-none-eabi/14.3.1/thumb/v7e-m+dp/hard/crtn.o
 *(.fini)
 .fini          0x08006830        0x4 D:/MY_SOFT/Toolchain/gcc/arm-gnu-toolchain-14.3.rel1-mingw-w64-i686-arm-none-eabi/bin/../lib/gcc/arm-none-eabi/14.3.1/thumb/v7e-m+dp/hard/crti.o
                0x08006830                _fini
 .fini          0x08006834        0x8 D:/MY_SOFT/Toolchain/gcc/arm-gnu-toolchain-14.3.rel1-mingw-w64-i686-arm-none-eabi/bin/../lib/gcc/arm-none-eabi/14.3.1/thumb/v7e-m+dp/hard/crtn.o
                0x0800683c                        . = ALIGN (0x4)
                0x0800683c                        _etext = .

.vfp11_veneer   0x0800683c        0x0
 .vfp11_veneer  0x0800683c        0x0 linker stubs

.v4_bx          0x0800683c        0x0
 .v4_bx         0x0800683c        0x0 linker stubs

.iplt           0x0800683c        0x0
 .iplt          0x0800683c        0x0 D:/MY_SOFT/Toolchain/gcc/arm-gnu-toolchain-14.3.rel1-mingw-w64-i686-arm-none-eabi/bin/../lib/gcc/arm-none-eabi/14.3.1/thumb/v7e-m+dp/hard/crtbegin.o

.rodata         0x0800683c       0x6c
                0x0800683c                        . = ALIGN (0x4)
 *(.rodata)
 .rodata        0x0800683c       0x4c cmake/stm32cubemx/CMakeFiles/STM32_Drivers.dir/__/__/Drivers/STM32H7xx_HAL_Driver/Src/stm32h7xx_hal_fdcan.c.obj
 *(.rodata*)
 .rodata.D1CorePrescTable
                0x08006888       0x10 cmake/stm32cubemx/CMakeFiles/STM32_Drivers.dir/__/__/Core/Src/system_stm32h7xx.c.obj
                0x08006888                D1CorePrescTable
 .rodata.DLCtoBytes
                0x08006898       0x10 cmake/stm32cubemx/CMakeFiles/STM32_Drivers.dir/__/__/Drivers/STM32H7xx_HAL_Driver/Src/stm32h7xx_hal_fdcan.c.obj
                0x080068a8                        . = ALIGN (0x4)

.ARM.extab      0x080068a8        0x0
                0x080068a8                        . = ALIGN (0x4)
 *(.ARM.extab* .gnu.linkonce.armextab.*)
                0x080068a8                        . = ALIGN (0x4)

.ARM            0x080068a8        0x0
                0x080068a8                        . = ALIGN (0x4)
                0x080068a8                        __exidx_start = .
 *(.ARM.exidx*)
                0x080068a8                        __exidx_end = .
                0x080068a8                        . = ALIGN (0x4)

.preinit_array  0x080068a8        0x0
                0x080068a8                        . = ALIGN (0x4)
                0x080068a8                        PROVIDE (__preinit_array_start = .)
 *(.preinit_array*)
                0x080068a8                        PROVIDE (__preinit_array_end = .)
                0x080068a8                        . = ALIGN (0x4)

.init_array     0x080068a8        0x4
                0x080068a8                        . = ALIGN (0x4)
                0x080068a8                        PROVIDE (__init_array_start = .)
 *(SORT_BY_NAME(.init_array.*))
 *(.init_array*)
 .init_array    0x080068a8        0x4 D:/MY_SOFT/Toolchain/gcc/arm-gnu-toolchain-14.3.rel1-mingw-w64-i686-arm-none-eabi/bin/../lib/gcc/arm-none-eabi/14.3.1/thumb/v7e-m+dp/hard/crtbegin.o
                0x080068ac                        PROVIDE (__init_array_end = .)
                0x080068ac                        . = ALIGN (0x4)

.fini_array     0x080068ac        0x4
                0x080068ac                        . = ALIGN (0x4)
                [!provide]                        PROVIDE (__fini_array_start = .)
 *(SORT_BY_NAME(.fini_array.*))
 *(.fini_array*)
 .fini_array    0x080068ac        0x4 D:/MY_SOFT/Toolchain/gcc/arm-gnu-toolchain-14.3.rel1-mingw-w64-i686-arm-none-eabi/bin/../lib/gcc/arm-none-eabi/14.3.1/thumb/v7e-m+dp/hard/crtbegin.o
                [!provide]                        PROVIDE (__fini_array_end = .)
                0x080068b0                        . = ALIGN (0x4)
                0x080068b0                        _sidata = LOADADDR (.data)

.rel.dyn        0x080068b0        0x0
 .rel.iplt      0x080068b0        0x0 D:/MY_SOFT/Toolchain/gcc/arm-gnu-toolchain-14.3.rel1-mingw-w64-i686-arm-none-eabi/bin/../lib/gcc/arm-none-eabi/14.3.1/thumb/v7e-m+dp/hard/crtbegin.o

.data           0x20000000       0x10 load address 0x080068b0
                0x20000000                        . = ALIGN (0x4)
                0x20000000                        _sdata = .
 *(.data)
 *(.data*)
 .data.SystemCoreClock
                0x20000000        0x4 cmake/stm32cubemx/CMakeFiles/STM32_Drivers.dir/__/__/Core/Src/system_stm32h7xx.c.obj
                0x20000000                SystemCoreClock
 .data.SystemD2Clock
                0x20000004        0x4 cmake/stm32cubemx/CMakeFiles/STM32_Drivers.dir/__/__/Core/Src/system_stm32h7xx.c.obj
                0x20000004                SystemD2Clock
 .data.uwTickPrio
                0x20000008        0x4 cmake/stm32cubemx/CMakeFiles/STM32_Drivers.dir/__/__/Drivers/STM32H7xx_HAL_Driver/Src/stm32h7xx_hal.c.obj
                0x20000008                uwTickPrio
 .data.uwTickFreq
                0x2000000c        0x1 cmake/stm32cubemx/CMakeFiles/STM32_Drivers.dir/__/__/Drivers/STM32H7xx_HAL_Driver/Src/stm32h7xx_hal.c.obj
                0x2000000c                uwTickFreq
 *(.RamFunc)
 *(.RamFunc*)
                0x20000010                        . = ALIGN (0x4)
 *fill*         0x2000000d        0x3 
                0x20000010                        _edata = .

.tm_clone_table
                0x20000010        0x0 load address 0x080068c0
 .tm_clone_table
                0x20000010        0x0 D:/MY_SOFT/Toolchain/gcc/arm-gnu-toolchain-14.3.rel1-mingw-w64-i686-arm-none-eabi/bin/../lib/gcc/arm-none-eabi/14.3.1/thumb/v7e-m+dp/hard/crtbegin.o
 .tm_clone_table
                0x20000010        0x0 D:/MY_SOFT/Toolchain/gcc/arm-gnu-toolchain-14.3.rel1-mingw-w64-i686-arm-none-eabi/bin/../lib/gcc/arm-none-eabi/14.3.1/thumb/v7e-m+dp/hard/crtend.o

.igot.plt       0x20000010        0x0 load address 0x080068c0
 .igot.plt      0x20000010        0x0 D:/MY_SOFT/Toolchain/gcc/arm-gnu-toolchain-14.3.rel1-mingw-w64-i686-arm-none-eabi/bin/../lib/gcc/arm-none-eabi/14.3.1/thumb/v7e-m+dp/hard/crtbegin.o
                0x20000010                        . = ALIGN (0x4)

.bss            0x20000010      0x218 load address 0x080068c0
                0x20000010                        _sbss = .
                0x20000010                        __bss_start__ = _sbss
 *(.bss)
 *(.bss*)
 .bss.completed.1
                0x20000010        0x1 D:/MY_SOFT/Toolchain/gcc/arm-gnu-toolchain-14.3.rel1-mingw-w64-i686-arm-none-eabi/bin/../lib/gcc/arm-none-eabi/14.3.1/thumb/v7e-m+dp/hard/crtbegin.o
 *fill*         0x20000011        0x3 
 .bss.object.0  0x20000014       0x18 D:/MY_SOFT/Toolchain/gcc/arm-gnu-toolchain-14.3.rel1-mingw-w64-i686-arm-none-eabi/bin/../lib/gcc/arm-none-eabi/14.3.1/thumb/v7e-m+dp/hard/crtbegin.o
 .bss.uwTick    0x2000002c        0x4 cmake/stm32cubemx/CMakeFiles/STM32_Drivers.dir/__/__/Drivers/STM32H7xx_HAL_Driver/Src/stm32h7xx_hal.c.obj
                0x2000002c                uwTick
 .bss.hfdcan1   0x20000030       0xa0 CMakeFiles/3508_DM.dir/Core/Src/fdcan.c.obj
                0x20000030                hfdcan1
 .bss.hspi6     0x200000d0       0x88 CMakeFiles/3508_DM.dir/Core/Src/spi.c.obj
                0x200000d0                hspi6
 .bss.htim2     0x20000158       0x4c CMakeFiles/3508_DM.dir/Core/Src/tim.c.obj
                0x20000158                htim2
 .bss.htim12    0x200001a4       0x4c CMakeFiles/3508_DM.dir/Core/Src/tim.c.obj
                0x200001a4                htim12
 .bss.motor_name
                0x200001f0       0x38 CMakeFiles/3508_DM.dir/bsp/bsp_can.c.obj
                0x200001f0                motor_name
 *(COMMON)
                0x20000228                        . = ALIGN (0x4)
                0x20000228                        _ebss = .
                0x20000228                        __bss_end__ = _ebss

._user_heap_stack
                0x20000228      0x600 load address 0x080068c0
                0x20000228                        . = ALIGN (0x8)
                [!provide]                        PROVIDE (end = .)
                0x20000228                        PROVIDE (_end = .)
                0x20000428                        . = (. + _Min_Heap_Size)
 *fill*         0x20000228      0x200 
                0x20000828                        . = (. + _Min_Stack_Size)
 *fill*         0x20000428      0x400 
                0x20000828                        . = ALIGN (0x8)

/DISCARD/
 libc.a(*)
 libm.a(*)
 libgcc.a(*)
OUTPUT(3508_DM.elf elf32-littlearm)
LOAD linker stubs
LOAD D:/MY_SOFT/Toolchain/gcc/arm-gnu-toolchain-14.3.rel1-mingw-w64-i686-arm-none-eabi/bin/../lib/gcc/arm-none-eabi/14.3.1/../../../../arm-none-eabi/lib/thumb/v7e-m+dp/hard\libc.a
LOAD D:/MY_SOFT/Toolchain/gcc/arm-gnu-toolchain-14.3.rel1-mingw-w64-i686-arm-none-eabi/bin/../lib/gcc/arm-none-eabi/14.3.1/../../../../arm-none-eabi/lib/thumb/v7e-m+dp/hard\libm.a
LOAD D:/MY_SOFT/Toolchain/gcc/arm-gnu-toolchain-14.3.rel1-mingw-w64-i686-arm-none-eabi/bin/../lib/gcc/arm-none-eabi/14.3.1/thumb/v7e-m+dp/hard\libgcc.a

.ARM.attributes
                0x00000000       0x2e
 .ARM.attributes
                0x00000000       0x20 D:/MY_SOFT/Toolchain/gcc/arm-gnu-toolchain-14.3.rel1-mingw-w64-i686-arm-none-eabi/bin/../lib/gcc/arm-none-eabi/14.3.1/thumb/v7e-m+dp/hard/crti.o
 .ARM.attributes
                0x00000020       0x32 D:/MY_SOFT/Toolchain/gcc/arm-gnu-toolchain-14.3.rel1-mingw-w64-i686-arm-none-eabi/bin/../lib/gcc/arm-none-eabi/14.3.1/thumb/v7e-m+dp/hard/crtbegin.o
 .ARM.attributes
                0x00000052       0x32 D:/MY_SOFT/Toolchain/gcc/arm-gnu-toolchain-14.3.rel1-mingw-w64-i686-arm-none-eabi/bin/../lib/gcc/arm-none-eabi/14.3.1/../../../../arm-none-eabi/lib/thumb/v7e-m+dp/hard\libc_nano.a(libc_a-memset.o)
 .ARM.attributes
                0x00000084       0x32 D:/MY_SOFT/Toolchain/gcc/arm-gnu-toolchain-14.3.rel1-mingw-w64-i686-arm-none-eabi/bin/../lib/gcc/arm-none-eabi/14.3.1/../../../../arm-none-eabi/lib/thumb/v7e-m+dp/hard\libc_nano.a(libc_a-init.o)
 .ARM.attributes
                0x000000b6       0x32 cmake/stm32cubemx/CMakeFiles/STM32_Drivers.dir/__/__/Core/Src/system_stm32h7xx.c.obj
 .ARM.attributes
                0x000000e8       0x32 cmake/stm32cubemx/CMakeFiles/STM32_Drivers.dir/__/__/Drivers/STM32H7xx_HAL_Driver/Src/stm32h7xx_hal_cortex.c.obj
 .ARM.attributes
                0x0000011a       0x32 cmake/stm32cubemx/CMakeFiles/STM32_Drivers.dir/__/__/Drivers/STM32H7xx_HAL_Driver/Src/stm32h7xx_hal_rcc.c.obj
 .ARM.attributes
                0x0000014c       0x32 cmake/stm32cubemx/CMakeFiles/STM32_Drivers.dir/__/__/Drivers/STM32H7xx_HAL_Driver/Src/stm32h7xx_hal_rcc_ex.c.obj
 .ARM.attributes
                0x0000017e       0x32 cmake/stm32cubemx/CMakeFiles/STM32_Drivers.dir/__/__/Drivers/STM32H7xx_HAL_Driver/Src/stm32h7xx_hal_gpio.c.obj
 .ARM.attributes
                0x000001b0       0x32 cmake/stm32cubemx/CMakeFiles/STM32_Drivers.dir/__/__/Drivers/STM32H7xx_HAL_Driver/Src/stm32h7xx_hal_pwr_ex.c.obj
 .ARM.attributes
                0x000001e2       0x32 cmake/stm32cubemx/CMakeFiles/STM32_Drivers.dir/__/__/Drivers/STM32H7xx_HAL_Driver/Src/stm32h7xx_hal.c.obj
 .ARM.attributes
                0x00000214       0x32 cmake/stm32cubemx/CMakeFiles/STM32_Drivers.dir/__/__/Drivers/STM32H7xx_HAL_Driver/Src/stm32h7xx_hal_fdcan.c.obj
 .ARM.attributes
                0x00000246       0x32 cmake/stm32cubemx/CMakeFiles/STM32_Drivers.dir/__/__/Drivers/STM32H7xx_HAL_Driver/Src/stm32h7xx_hal_spi.c.obj
 .ARM.attributes
                0x00000278       0x32 cmake/stm32cubemx/CMakeFiles/STM32_Drivers.dir/__/__/Drivers/STM32H7xx_HAL_Driver/Src/stm32h7xx_hal_tim.c.obj
 .ARM.attributes
                0x000002aa       0x32 cmake/stm32cubemx/CMakeFiles/STM32_Drivers.dir/__/__/Drivers/STM32H7xx_HAL_Driver/Src/stm32h7xx_hal_tim_ex.c.obj
 .ARM.attributes
                0x000002dc       0x32 CMakeFiles/3508_DM.dir/Core/Src/main.c.obj
 .ARM.attributes
                0x0000030e       0x32 CMakeFiles/3508_DM.dir/Core/Src/gpio.c.obj
 .ARM.attributes
                0x00000340       0x32 CMakeFiles/3508_DM.dir/Core/Src/fdcan.c.obj
 .ARM.attributes
                0x00000372       0x32 CMakeFiles/3508_DM.dir/Core/Src/spi.c.obj
 .ARM.attributes
                0x000003a4       0x32 CMakeFiles/3508_DM.dir/Core/Src/tim.c.obj
 .ARM.attributes
                0x000003d6       0x32 CMakeFiles/3508_DM.dir/Core/Src/stm32h7xx_it.c.obj
 .ARM.attributes
                0x00000408       0x32 CMakeFiles/3508_DM.dir/Core/Src/stm32h7xx_hal_msp.c.obj
 .ARM.attributes
                0x0000043a       0x21 CMakeFiles/3508_DM.dir/startup_stm32h723xx.s.obj
 .ARM.attributes
                0x0000045b       0x32 CMakeFiles/3508_DM.dir/bsp/bsp_can.c.obj
 .ARM.attributes
                0x0000048d       0x32 CMakeFiles/3508_DM.dir/bsp/bsp_buzzer.c.obj
 .ARM.attributes
                0x000004bf       0x32 CMakeFiles/3508_DM.dir/modules/DJI_Motor.c.obj
 .ARM.attributes
                0x000004f1       0x32 D:/MY_SOFT/Toolchain/gcc/arm-gnu-toolchain-14.3.rel1-mingw-w64-i686-arm-none-eabi/bin/../lib/gcc/arm-none-eabi/14.3.1/../../../../arm-none-eabi/lib/thumb/v7e-m+dp/hard\libg_nano.a(libc_a-memcpy-stub.o)
 .ARM.attributes
                0x00000523       0x32 D:/MY_SOFT/Toolchain/gcc/arm-gnu-toolchain-14.3.rel1-mingw-w64-i686-arm-none-eabi/bin/../lib/gcc/arm-none-eabi/14.3.1/thumb/v7e-m+dp/hard/crtend.o
 .ARM.attributes
                0x00000555       0x20 D:/MY_SOFT/Toolchain/gcc/arm-gnu-toolchain-14.3.rel1-mingw-w64-i686-arm-none-eabi/bin/../lib/gcc/arm-none-eabi/14.3.1/thumb/v7e-m+dp/hard/crtn.o

.comment        0x00000000       0x46
 .comment       0x00000000       0x46 cmake/stm32cubemx/CMakeFiles/STM32_Drivers.dir/__/__/Core/Src/system_stm32h7xx.c.obj
                                 0x47 (size before relaxing)
 .comment       0x00000046       0x47 cmake/stm32cubemx/CMakeFiles/STM32_Drivers.dir/__/__/Drivers/STM32H7xx_HAL_Driver/Src/stm32h7xx_hal_cortex.c.obj
 .comment       0x00000046       0x47 cmake/stm32cubemx/CMakeFiles/STM32_Drivers.dir/__/__/Drivers/STM32H7xx_HAL_Driver/Src/stm32h7xx_hal_rcc.c.obj
 .comment       0x00000046       0x47 cmake/stm32cubemx/CMakeFiles/STM32_Drivers.dir/__/__/Drivers/STM32H7xx_HAL_Driver/Src/stm32h7xx_hal_rcc_ex.c.obj
 .comment       0x00000046       0x47 cmake/stm32cubemx/CMakeFiles/STM32_Drivers.dir/__/__/Drivers/STM32H7xx_HAL_Driver/Src/stm32h7xx_hal_gpio.c.obj
 .comment       0x00000046       0x47 cmake/stm32cubemx/CMakeFiles/STM32_Drivers.dir/__/__/Drivers/STM32H7xx_HAL_Driver/Src/stm32h7xx_hal_pwr_ex.c.obj
 .comment       0x00000046       0x47 cmake/stm32cubemx/CMakeFiles/STM32_Drivers.dir/__/__/Drivers/STM32H7xx_HAL_Driver/Src/stm32h7xx_hal.c.obj
 .comment       0x00000046       0x47 cmake/stm32cubemx/CMakeFiles/STM32_Drivers.dir/__/__/Drivers/STM32H7xx_HAL_Driver/Src/stm32h7xx_hal_fdcan.c.obj
 .comment       0x00000046       0x47 cmake/stm32cubemx/CMakeFiles/STM32_Drivers.dir/__/__/Drivers/STM32H7xx_HAL_Driver/Src/stm32h7xx_hal_spi.c.obj
 .comment       0x00000046       0x47 cmake/stm32cubemx/CMakeFiles/STM32_Drivers.dir/__/__/Drivers/STM32H7xx_HAL_Driver/Src/stm32h7xx_hal_tim.c.obj
 .comment       0x00000046       0x47 cmake/stm32cubemx/CMakeFiles/STM32_Drivers.dir/__/__/Drivers/STM32H7xx_HAL_Driver/Src/stm32h7xx_hal_tim_ex.c.obj
 .comment       0x00000046       0x47 CMakeFiles/3508_DM.dir/Core/Src/main.c.obj
 .comment       0x00000046       0x47 CMakeFiles/3508_DM.dir/Core/Src/gpio.c.obj
 .comment       0x00000046       0x47 CMakeFiles/3508_DM.dir/Core/Src/fdcan.c.obj
 .comment       0x00000046       0x47 CMakeFiles/3508_DM.dir/Core/Src/spi.c.obj
 .comment       0x00000046       0x47 CMakeFiles/3508_DM.dir/Core/Src/tim.c.obj
 .comment       0x00000046       0x47 CMakeFiles/3508_DM.dir/Core/Src/stm32h7xx_it.c.obj
 .comment       0x00000046       0x47 CMakeFiles/3508_DM.dir/Core/Src/stm32h7xx_hal_msp.c.obj
 .comment       0x00000046       0x47 CMakeFiles/3508_DM.dir/bsp/bsp_can.c.obj
 .comment       0x00000046       0x47 CMakeFiles/3508_DM.dir/bsp/bsp_buzzer.c.obj
 .comment       0x00000046       0x47 CMakeFiles/3508_DM.dir/modules/DJI_Motor.c.obj

.debug_frame    0x00000000     0x5058
 .debug_frame   0x00000000       0x20 D:/MY_SOFT/Toolchain/gcc/arm-gnu-toolchain-14.3.rel1-mingw-w64-i686-arm-none-eabi/bin/../lib/gcc/arm-none-eabi/14.3.1/../../../../arm-none-eabi/lib/thumb/v7e-m+dp/hard\libc_nano.a(libc_a-memset.o)
 .debug_frame   0x00000020       0x2c D:/MY_SOFT/Toolchain/gcc/arm-gnu-toolchain-14.3.rel1-mingw-w64-i686-arm-none-eabi/bin/../lib/gcc/arm-none-eabi/14.3.1/../../../../arm-none-eabi/lib/thumb/v7e-m+dp/hard\libc_nano.a(libc_a-init.o)
 .debug_frame   0x0000004c       0x78 cmake/stm32cubemx/CMakeFiles/STM32_Drivers.dir/__/__/Core/Src/system_stm32h7xx.c.obj
 .debug_frame   0x000000c4      0x508 cmake/stm32cubemx/CMakeFiles/STM32_Drivers.dir/__/__/Drivers/STM32H7xx_HAL_Driver/Src/stm32h7xx_hal_cortex.c.obj
 .debug_frame   0x000005cc      0x1fc cmake/stm32cubemx/CMakeFiles/STM32_Drivers.dir/__/__/Drivers/STM32H7xx_HAL_Driver/Src/stm32h7xx_hal_rcc.c.obj
 .debug_frame   0x000007c8      0x414 cmake/stm32cubemx/CMakeFiles/STM32_Drivers.dir/__/__/Drivers/STM32H7xx_HAL_Driver/Src/stm32h7xx_hal_rcc_ex.c.obj
 .debug_frame   0x00000bdc      0x14c cmake/stm32cubemx/CMakeFiles/STM32_Drivers.dir/__/__/Drivers/STM32H7xx_HAL_Driver/Src/stm32h7xx_hal_gpio.c.obj
 .debug_frame   0x00000d28      0x540 cmake/stm32cubemx/CMakeFiles/STM32_Drivers.dir/__/__/Drivers/STM32H7xx_HAL_Driver/Src/stm32h7xx_hal_pwr_ex.c.obj
 .debug_frame   0x00001268      0x760 cmake/stm32cubemx/CMakeFiles/STM32_Drivers.dir/__/__/Drivers/STM32H7xx_HAL_Driver/Src/stm32h7xx_hal.c.obj
 .debug_frame   0x000019c8      0xf9c cmake/stm32cubemx/CMakeFiles/STM32_Drivers.dir/__/__/Drivers/STM32H7xx_HAL_Driver/Src/stm32h7xx_hal_fdcan.c.obj
 .debug_frame   0x00002964      0x7a8 cmake/stm32cubemx/CMakeFiles/STM32_Drivers.dir/__/__/Drivers/STM32H7xx_HAL_Driver/Src/stm32h7xx_hal_spi.c.obj
 .debug_frame   0x0000310c     0x121c cmake/stm32cubemx/CMakeFiles/STM32_Drivers.dir/__/__/Drivers/STM32H7xx_HAL_Driver/Src/stm32h7xx_hal_tim.c.obj
 .debug_frame   0x00004328      0x724 cmake/stm32cubemx/CMakeFiles/STM32_Drivers.dir/__/__/Drivers/STM32H7xx_HAL_Driver/Src/stm32h7xx_hal_tim_ex.c.obj
 .debug_frame   0x00004a4c       0x68 CMakeFiles/3508_DM.dir/Core/Src/main.c.obj
 .debug_frame   0x00004ab4       0x38 CMakeFiles/3508_DM.dir/Core/Src/gpio.c.obj
 .debug_frame   0x00004aec       0x78 CMakeFiles/3508_DM.dir/Core/Src/fdcan.c.obj
 .debug_frame   0x00004b64       0x78 CMakeFiles/3508_DM.dir/Core/Src/spi.c.obj
 .debug_frame   0x00004bdc      0x114 CMakeFiles/3508_DM.dir/Core/Src/tim.c.obj
 .debug_frame   0x00004cf0      0x17c CMakeFiles/3508_DM.dir/Core/Src/stm32h7xx_it.c.obj
 .debug_frame   0x00004e6c       0x38 CMakeFiles/3508_DM.dir/Core/Src/stm32h7xx_hal_msp.c.obj
 .debug_frame   0x00004ea4      0x110 CMakeFiles/3508_DM.dir/bsp/bsp_can.c.obj
 .debug_frame   0x00004fb4       0x48 CMakeFiles/3508_DM.dir/bsp/bsp_buzzer.c.obj
 .debug_frame   0x00004ffc       0x34 CMakeFiles/3508_DM.dir/modules/DJI_Motor.c.obj
 .debug_frame   0x00005030       0x28 D:/MY_SOFT/Toolchain/gcc/arm-gnu-toolchain-14.3.rel1-mingw-w64-i686-arm-none-eabi/bin/../lib/gcc/arm-none-eabi/14.3.1/../../../../arm-none-eabi/lib/thumb/v7e-m+dp/hard\libg_nano.a(libc_a-memcpy-stub.o)

.debug_info     0x00000000    0x16d42
 .debug_info    0x00000000      0xbf0 cmake/stm32cubemx/CMakeFiles/STM32_Drivers.dir/__/__/Core/Src/system_stm32h7xx.c.obj
 .debug_info    0x00000bf0     0x10a5 cmake/stm32cubemx/CMakeFiles/STM32_Drivers.dir/__/__/Drivers/STM32H7xx_HAL_Driver/Src/stm32h7xx_hal_cortex.c.obj
 .debug_info    0x00001c95      0xd82 cmake/stm32cubemx/CMakeFiles/STM32_Drivers.dir/__/__/Drivers/STM32H7xx_HAL_Driver/Src/stm32h7xx_hal_rcc.c.obj
 .debug_info    0x00002a17     0x120b cmake/stm32cubemx/CMakeFiles/STM32_Drivers.dir/__/__/Drivers/STM32H7xx_HAL_Driver/Src/stm32h7xx_hal_rcc_ex.c.obj
 .debug_info    0x00003c22      0xc6b cmake/stm32cubemx/CMakeFiles/STM32_Drivers.dir/__/__/Drivers/STM32H7xx_HAL_Driver/Src/stm32h7xx_hal_gpio.c.obj
 .debug_info    0x0000488d      0xdce cmake/stm32cubemx/CMakeFiles/STM32_Drivers.dir/__/__/Drivers/STM32H7xx_HAL_Driver/Src/stm32h7xx_hal_pwr_ex.c.obj
 .debug_info    0x0000565b     0x1698 cmake/stm32cubemx/CMakeFiles/STM32_Drivers.dir/__/__/Drivers/STM32H7xx_HAL_Driver/Src/stm32h7xx_hal.c.obj
 .debug_info    0x00006cf3     0x2baf cmake/stm32cubemx/CMakeFiles/STM32_Drivers.dir/__/__/Drivers/STM32H7xx_HAL_Driver/Src/stm32h7xx_hal_fdcan.c.obj
 .debug_info    0x000098a2     0x144a cmake/stm32cubemx/CMakeFiles/STM32_Drivers.dir/__/__/Drivers/STM32H7xx_HAL_Driver/Src/stm32h7xx_hal_spi.c.obj
 .debug_info    0x0000acec     0x2bae cmake/stm32cubemx/CMakeFiles/STM32_Drivers.dir/__/__/Drivers/STM32H7xx_HAL_Driver/Src/stm32h7xx_hal_tim.c.obj
 .debug_info    0x0000d89a     0x18c1 cmake/stm32cubemx/CMakeFiles/STM32_Drivers.dir/__/__/Drivers/STM32H7xx_HAL_Driver/Src/stm32h7xx_hal_tim_ex.c.obj
 .debug_info    0x0000f15b      0xb2f CMakeFiles/3508_DM.dir/Core/Src/main.c.obj
 .debug_info    0x0000fc8a      0x4b3 CMakeFiles/3508_DM.dir/Core/Src/gpio.c.obj
 .debug_info    0x0001013d     0x150c CMakeFiles/3508_DM.dir/Core/Src/fdcan.c.obj
 .debug_info    0x00011649     0x1075 CMakeFiles/3508_DM.dir/Core/Src/spi.c.obj
 .debug_info    0x000126be     0x1391 CMakeFiles/3508_DM.dir/Core/Src/tim.c.obj
 .debug_info    0x00013a4f     0x103d CMakeFiles/3508_DM.dir/Core/Src/stm32h7xx_it.c.obj
 .debug_info    0x00014a8c      0x464 CMakeFiles/3508_DM.dir/Core/Src/stm32h7xx_hal_msp.c.obj
 .debug_info    0x00014ef0       0x30 CMakeFiles/3508_DM.dir/startup_stm32h723xx.s.obj
 .debug_info    0x00014f20      0xd5a CMakeFiles/3508_DM.dir/bsp/bsp_can.c.obj
 .debug_info    0x00015c7a      0x7e0 CMakeFiles/3508_DM.dir/bsp/bsp_buzzer.c.obj
 .debug_info    0x0001645a      0x8e8 CMakeFiles/3508_DM.dir/modules/DJI_Motor.c.obj

.debug_abbrev   0x00000000     0x2cda
 .debug_abbrev  0x00000000      0x153 cmake/stm32cubemx/CMakeFiles/STM32_Drivers.dir/__/__/Core/Src/system_stm32h7xx.c.obj
 .debug_abbrev  0x00000153      0x339 cmake/stm32cubemx/CMakeFiles/STM32_Drivers.dir/__/__/Drivers/STM32H7xx_HAL_Driver/Src/stm32h7xx_hal_cortex.c.obj
 .debug_abbrev  0x0000048c      0x2b1 cmake/stm32cubemx/CMakeFiles/STM32_Drivers.dir/__/__/Drivers/STM32H7xx_HAL_Driver/Src/stm32h7xx_hal_rcc.c.obj
 .debug_abbrev  0x0000073d      0x269 cmake/stm32cubemx/CMakeFiles/STM32_Drivers.dir/__/__/Drivers/STM32H7xx_HAL_Driver/Src/stm32h7xx_hal_rcc_ex.c.obj
 .debug_abbrev  0x000009a6      0x205 cmake/stm32cubemx/CMakeFiles/STM32_Drivers.dir/__/__/Drivers/STM32H7xx_HAL_Driver/Src/stm32h7xx_hal_gpio.c.obj
 .debug_abbrev  0x00000bab      0x295 cmake/stm32cubemx/CMakeFiles/STM32_Drivers.dir/__/__/Drivers/STM32H7xx_HAL_Driver/Src/stm32h7xx_hal_pwr_ex.c.obj
 .debug_abbrev  0x00000e40      0x29e cmake/stm32cubemx/CMakeFiles/STM32_Drivers.dir/__/__/Drivers/STM32H7xx_HAL_Driver/Src/stm32h7xx_hal.c.obj
 .debug_abbrev  0x000010de      0x288 cmake/stm32cubemx/CMakeFiles/STM32_Drivers.dir/__/__/Drivers/STM32H7xx_HAL_Driver/Src/stm32h7xx_hal_fdcan.c.obj
 .debug_abbrev  0x00001366      0x2b1 cmake/stm32cubemx/CMakeFiles/STM32_Drivers.dir/__/__/Drivers/STM32H7xx_HAL_Driver/Src/stm32h7xx_hal_spi.c.obj
 .debug_abbrev  0x00001617      0x276 cmake/stm32cubemx/CMakeFiles/STM32_Drivers.dir/__/__/Drivers/STM32H7xx_HAL_Driver/Src/stm32h7xx_hal_tim.c.obj
 .debug_abbrev  0x0000188d      0x296 cmake/stm32cubemx/CMakeFiles/STM32_Drivers.dir/__/__/Drivers/STM32H7xx_HAL_Driver/Src/stm32h7xx_hal_tim_ex.c.obj
 .debug_abbrev  0x00001b23      0x231 CMakeFiles/3508_DM.dir/Core/Src/main.c.obj
 .debug_abbrev  0x00001d54       0xe8 CMakeFiles/3508_DM.dir/Core/Src/gpio.c.obj
 .debug_abbrev  0x00001e3c      0x20f CMakeFiles/3508_DM.dir/Core/Src/fdcan.c.obj
 .debug_abbrev  0x0000204b      0x229 CMakeFiles/3508_DM.dir/Core/Src/spi.c.obj
 .debug_abbrev  0x00002274      0x25c CMakeFiles/3508_DM.dir/Core/Src/tim.c.obj
 .debug_abbrev  0x000024d0      0x1f3 CMakeFiles/3508_DM.dir/Core/Src/stm32h7xx_it.c.obj
 .debug_abbrev  0x000026c3       0xdb CMakeFiles/3508_DM.dir/Core/Src/stm32h7xx_hal_msp.c.obj
 .debug_abbrev  0x0000279e       0x24 CMakeFiles/3508_DM.dir/startup_stm32h723xx.s.obj
 .debug_abbrev  0x000027c2      0x218 CMakeFiles/3508_DM.dir/bsp/bsp_can.c.obj
 .debug_abbrev  0x000029da      0x177 CMakeFiles/3508_DM.dir/bsp/bsp_buzzer.c.obj
 .debug_abbrev  0x00002b51      0x189 CMakeFiles/3508_DM.dir/modules/DJI_Motor.c.obj

.debug_aranges  0x00000000     0x1300
 .debug_aranges
                0x00000000       0x30 cmake/stm32cubemx/CMakeFiles/STM32_Drivers.dir/__/__/Core/Src/system_stm32h7xx.c.obj
 .debug_aranges
                0x00000030      0x130 cmake/stm32cubemx/CMakeFiles/STM32_Drivers.dir/__/__/Drivers/STM32H7xx_HAL_Driver/Src/stm32h7xx_hal_cortex.c.obj
 .debug_aranges
                0x00000160       0x88 cmake/stm32cubemx/CMakeFiles/STM32_Drivers.dir/__/__/Drivers/STM32H7xx_HAL_Driver/Src/stm32h7xx_hal_rcc.c.obj
 .debug_aranges
                0x000001e8       0xf8 cmake/stm32cubemx/CMakeFiles/STM32_Drivers.dir/__/__/Drivers/STM32H7xx_HAL_Driver/Src/stm32h7xx_hal_rcc_ex.c.obj
 .debug_aranges
                0x000002e0       0x58 cmake/stm32cubemx/CMakeFiles/STM32_Drivers.dir/__/__/Drivers/STM32H7xx_HAL_Driver/Src/stm32h7xx_hal_gpio.c.obj
 .debug_aranges
                0x00000338      0x148 cmake/stm32cubemx/CMakeFiles/STM32_Drivers.dir/__/__/Drivers/STM32H7xx_HAL_Driver/Src/stm32h7xx_hal_pwr_ex.c.obj
 .debug_aranges
                0x00000480      0x1c8 cmake/stm32cubemx/CMakeFiles/STM32_Drivers.dir/__/__/Drivers/STM32H7xx_HAL_Driver/Src/stm32h7xx_hal.c.obj
 .debug_aranges
                0x00000648      0x338 cmake/stm32cubemx/CMakeFiles/STM32_Drivers.dir/__/__/Drivers/STM32H7xx_HAL_Driver/Src/stm32h7xx_hal_fdcan.c.obj
 .debug_aranges
                0x00000980      0x1a8 cmake/stm32cubemx/CMakeFiles/STM32_Drivers.dir/__/__/Drivers/STM32H7xx_HAL_Driver/Src/stm32h7xx_hal_spi.c.obj
 .debug_aranges
                0x00000b28      0x3e0 cmake/stm32cubemx/CMakeFiles/STM32_Drivers.dir/__/__/Drivers/STM32H7xx_HAL_Driver/Src/stm32h7xx_hal_tim.c.obj
 .debug_aranges
                0x00000f08      0x198 cmake/stm32cubemx/CMakeFiles/STM32_Drivers.dir/__/__/Drivers/STM32H7xx_HAL_Driver/Src/stm32h7xx_hal_tim_ex.c.obj
 .debug_aranges
                0x000010a0       0x30 CMakeFiles/3508_DM.dir/Core/Src/main.c.obj
 .debug_aranges
                0x000010d0       0x20 CMakeFiles/3508_DM.dir/Core/Src/gpio.c.obj
 .debug_aranges
                0x000010f0       0x30 CMakeFiles/3508_DM.dir/Core/Src/fdcan.c.obj
 .debug_aranges
                0x00001120       0x30 CMakeFiles/3508_DM.dir/Core/Src/spi.c.obj
 .debug_aranges
                0x00001150       0x50 CMakeFiles/3508_DM.dir/Core/Src/tim.c.obj
 .debug_aranges
                0x000011a0       0x80 CMakeFiles/3508_DM.dir/Core/Src/stm32h7xx_it.c.obj
 .debug_aranges
                0x00001220       0x20 CMakeFiles/3508_DM.dir/Core/Src/stm32h7xx_hal_msp.c.obj
 .debug_aranges
                0x00001240       0x28 CMakeFiles/3508_DM.dir/startup_stm32h723xx.s.obj
 .debug_aranges
                0x00001268       0x50 CMakeFiles/3508_DM.dir/bsp/bsp_can.c.obj
 .debug_aranges
                0x000012b8       0x28 CMakeFiles/3508_DM.dir/bsp/bsp_buzzer.c.obj
 .debug_aranges
                0x000012e0       0x20 CMakeFiles/3508_DM.dir/modules/DJI_Motor.c.obj

.debug_rnglists
                0x00000000      0xe94
 .debug_rnglists
                0x00000000       0x21 cmake/stm32cubemx/CMakeFiles/STM32_Drivers.dir/__/__/Core/Src/system_stm32h7xx.c.obj
 .debug_rnglists
                0x00000021       0xe0 cmake/stm32cubemx/CMakeFiles/STM32_Drivers.dir/__/__/Drivers/STM32H7xx_HAL_Driver/Src/stm32h7xx_hal_cortex.c.obj
 .debug_rnglists
                0x00000101       0x68 cmake/stm32cubemx/CMakeFiles/STM32_Drivers.dir/__/__/Drivers/STM32H7xx_HAL_Driver/Src/stm32h7xx_hal_rcc.c.obj
 .debug_rnglists
                0x00000169       0xc0 cmake/stm32cubemx/CMakeFiles/STM32_Drivers.dir/__/__/Drivers/STM32H7xx_HAL_Driver/Src/stm32h7xx_hal_rcc_ex.c.obj
 .debug_rnglists
                0x00000229       0x3f cmake/stm32cubemx/CMakeFiles/STM32_Drivers.dir/__/__/Drivers/STM32H7xx_HAL_Driver/Src/stm32h7xx_hal_gpio.c.obj
 .debug_rnglists
                0x00000268       0xf5 cmake/stm32cubemx/CMakeFiles/STM32_Drivers.dir/__/__/Drivers/STM32H7xx_HAL_Driver/Src/stm32h7xx_hal_pwr_ex.c.obj
 .debug_rnglists
                0x0000035d      0x155 cmake/stm32cubemx/CMakeFiles/STM32_Drivers.dir/__/__/Drivers/STM32H7xx_HAL_Driver/Src/stm32h7xx_hal.c.obj
 .debug_rnglists
                0x000004b2      0x28b cmake/stm32cubemx/CMakeFiles/STM32_Drivers.dir/__/__/Drivers/STM32H7xx_HAL_Driver/Src/stm32h7xx_hal_fdcan.c.obj
 .debug_rnglists
                0x0000073d      0x148 cmake/stm32cubemx/CMakeFiles/STM32_Drivers.dir/__/__/Drivers/STM32H7xx_HAL_Driver/Src/stm32h7xx_hal_spi.c.obj
 .debug_rnglists
                0x00000885      0x328 cmake/stm32cubemx/CMakeFiles/STM32_Drivers.dir/__/__/Drivers/STM32H7xx_HAL_Driver/Src/stm32h7xx_hal_tim.c.obj
 .debug_rnglists
                0x00000bad      0x14d cmake/stm32cubemx/CMakeFiles/STM32_Drivers.dir/__/__/Drivers/STM32H7xx_HAL_Driver/Src/stm32h7xx_hal_tim_ex.c.obj
 .debug_rnglists
                0x00000cfa       0x20 CMakeFiles/3508_DM.dir/Core/Src/main.c.obj
 .debug_rnglists
                0x00000d1a       0x14 CMakeFiles/3508_DM.dir/Core/Src/gpio.c.obj
 .debug_rnglists
                0x00000d2e       0x21 CMakeFiles/3508_DM.dir/Core/Src/fdcan.c.obj
 .debug_rnglists
                0x00000d4f       0x21 CMakeFiles/3508_DM.dir/Core/Src/spi.c.obj
 .debug_rnglists
                0x00000d70       0x39 CMakeFiles/3508_DM.dir/Core/Src/tim.c.obj
 .debug_rnglists
                0x00000da9       0x5b CMakeFiles/3508_DM.dir/Core/Src/stm32h7xx_it.c.obj
 .debug_rnglists
                0x00000e04       0x13 CMakeFiles/3508_DM.dir/Core/Src/stm32h7xx_hal_msp.c.obj
 .debug_rnglists
                0x00000e17       0x19 CMakeFiles/3508_DM.dir/startup_stm32h723xx.s.obj
 .debug_rnglists
                0x00000e30       0x38 CMakeFiles/3508_DM.dir/bsp/bsp_can.c.obj
 .debug_rnglists
                0x00000e68       0x19 CMakeFiles/3508_DM.dir/bsp/bsp_buzzer.c.obj
 .debug_rnglists
                0x00000e81       0x13 CMakeFiles/3508_DM.dir/modules/DJI_Motor.c.obj

.debug_macro    0x00000000    0x34a7d
 .debug_macro   0x00000000      0x2a9 cmake/stm32cubemx/CMakeFiles/STM32_Drivers.dir/__/__/Core/Src/system_stm32h7xx.c.obj
 .debug_macro   0x000002a9      0xaf6 cmake/stm32cubemx/CMakeFiles/STM32_Drivers.dir/__/__/Core/Src/system_stm32h7xx.c.obj
 .debug_macro   0x00000d9f       0x2e cmake/stm32cubemx/CMakeFiles/STM32_Drivers.dir/__/__/Core/Src/system_stm32h7xx.c.obj
 .debug_macro   0x00000dcd       0x3b cmake/stm32cubemx/CMakeFiles/STM32_Drivers.dir/__/__/Core/Src/system_stm32h7xx.c.obj
 .debug_macro   0x00000e08       0x22 cmake/stm32cubemx/CMakeFiles/STM32_Drivers.dir/__/__/Core/Src/system_stm32h7xx.c.obj
 .debug_macro   0x00000e2a       0x8e cmake/stm32cubemx/CMakeFiles/STM32_Drivers.dir/__/__/Core/Src/system_stm32h7xx.c.obj
 .debug_macro   0x00000eb8       0x51 cmake/stm32cubemx/CMakeFiles/STM32_Drivers.dir/__/__/Core/Src/system_stm32h7xx.c.obj
 .debug_macro   0x00000f09      0x103 cmake/stm32cubemx/CMakeFiles/STM32_Drivers.dir/__/__/Core/Src/system_stm32h7xx.c.obj
 .debug_macro   0x0000100c       0x6a cmake/stm32cubemx/CMakeFiles/STM32_Drivers.dir/__/__/Core/Src/system_stm32h7xx.c.obj
 .debug_macro   0x00001076      0x1df cmake/stm32cubemx/CMakeFiles/STM32_Drivers.dir/__/__/Core/Src/system_stm32h7xx.c.obj
 .debug_macro   0x00001255       0x1c cmake/stm32cubemx/CMakeFiles/STM32_Drivers.dir/__/__/Core/Src/system_stm32h7xx.c.obj
 .debug_macro   0x00001271       0x22 cmake/stm32cubemx/CMakeFiles/STM32_Drivers.dir/__/__/Core/Src/system_stm32h7xx.c.obj
 .debug_macro   0x00001293       0xfb cmake/stm32cubemx/CMakeFiles/STM32_Drivers.dir/__/__/Core/Src/system_stm32h7xx.c.obj
 .debug_macro   0x0000138e     0x1305 cmake/stm32cubemx/CMakeFiles/STM32_Drivers.dir/__/__/Core/Src/system_stm32h7xx.c.obj
 .debug_macro   0x00002693      0x11f cmake/stm32cubemx/CMakeFiles/STM32_Drivers.dir/__/__/Core/Src/system_stm32h7xx.c.obj
 .debug_macro   0x000027b2       0x27 cmake/stm32cubemx/CMakeFiles/STM32_Drivers.dir/__/__/Core/Src/system_stm32h7xx.c.obj
 .debug_macro   0x000027d9    0x216c1 cmake/stm32cubemx/CMakeFiles/STM32_Drivers.dir/__/__/Core/Src/system_stm32h7xx.c.obj
 .debug_macro   0x00023e9a       0x6d cmake/stm32cubemx/CMakeFiles/STM32_Drivers.dir/__/__/Core/Src/system_stm32h7xx.c.obj
 .debug_macro   0x00023f07      0x23e cmake/stm32cubemx/CMakeFiles/STM32_Drivers.dir/__/__/Core/Src/system_stm32h7xx.c.obj
 .debug_macro   0x00024145     0x3d64 cmake/stm32cubemx/CMakeFiles/STM32_Drivers.dir/__/__/Core/Src/system_stm32h7xx.c.obj
 .debug_macro   0x00027ea9      0x190 cmake/stm32cubemx/CMakeFiles/STM32_Drivers.dir/__/__/Core/Src/system_stm32h7xx.c.obj
 .debug_macro   0x00028039       0x7b cmake/stm32cubemx/CMakeFiles/STM32_Drivers.dir/__/__/Core/Src/system_stm32h7xx.c.obj
 .debug_macro   0x000280b4       0x29 cmake/stm32cubemx/CMakeFiles/STM32_Drivers.dir/__/__/Core/Src/system_stm32h7xx.c.obj
 .debug_macro   0x000280dd       0x3c cmake/stm32cubemx/CMakeFiles/STM32_Drivers.dir/__/__/Core/Src/system_stm32h7xx.c.obj
 .debug_macro   0x00028119       0x34 cmake/stm32cubemx/CMakeFiles/STM32_Drivers.dir/__/__/Core/Src/system_stm32h7xx.c.obj
 .debug_macro   0x0002814d      0x364 cmake/stm32cubemx/CMakeFiles/STM32_Drivers.dir/__/__/Core/Src/system_stm32h7xx.c.obj
 .debug_macro   0x000284b1       0x16 cmake/stm32cubemx/CMakeFiles/STM32_Drivers.dir/__/__/Core/Src/system_stm32h7xx.c.obj
 .debug_macro   0x000284c7       0x4a cmake/stm32cubemx/CMakeFiles/STM32_Drivers.dir/__/__/Core/Src/system_stm32h7xx.c.obj
 .debug_macro   0x00028511       0x34 cmake/stm32cubemx/CMakeFiles/STM32_Drivers.dir/__/__/Core/Src/system_stm32h7xx.c.obj
 .debug_macro   0x00028545       0x10 cmake/stm32cubemx/CMakeFiles/STM32_Drivers.dir/__/__/Core/Src/system_stm32h7xx.c.obj
 .debug_macro   0x00028555       0x58 cmake/stm32cubemx/CMakeFiles/STM32_Drivers.dir/__/__/Core/Src/system_stm32h7xx.c.obj
 .debug_macro   0x000285ad      0x1e5 cmake/stm32cubemx/CMakeFiles/STM32_Drivers.dir/__/__/Core/Src/system_stm32h7xx.c.obj
 .debug_macro   0x00028792      0x19b cmake/stm32cubemx/CMakeFiles/STM32_Drivers.dir/__/__/Core/Src/system_stm32h7xx.c.obj
 .debug_macro   0x0002892d       0x5d cmake/stm32cubemx/CMakeFiles/STM32_Drivers.dir/__/__/Core/Src/system_stm32h7xx.c.obj
 .debug_macro   0x0002898a     0x2462 cmake/stm32cubemx/CMakeFiles/STM32_Drivers.dir/__/__/Core/Src/system_stm32h7xx.c.obj
 .debug_macro   0x0002adec     0x1079 cmake/stm32cubemx/CMakeFiles/STM32_Drivers.dir/__/__/Core/Src/system_stm32h7xx.c.obj
 .debug_macro   0x0002be65      0x154 cmake/stm32cubemx/CMakeFiles/STM32_Drivers.dir/__/__/Core/Src/system_stm32h7xx.c.obj
 .debug_macro   0x0002bfb9      0x114 cmake/stm32cubemx/CMakeFiles/STM32_Drivers.dir/__/__/Core/Src/system_stm32h7xx.c.obj
 .debug_macro   0x0002c0cd      0x3fc cmake/stm32cubemx/CMakeFiles/STM32_Drivers.dir/__/__/Core/Src/system_stm32h7xx.c.obj
 .debug_macro   0x0002c4c9       0xac cmake/stm32cubemx/CMakeFiles/STM32_Drivers.dir/__/__/Core/Src/system_stm32h7xx.c.obj
 .debug_macro   0x0002c575      0x788 cmake/stm32cubemx/CMakeFiles/STM32_Drivers.dir/__/__/Core/Src/system_stm32h7xx.c.obj
 .debug_macro   0x0002ccfd      0x228 cmake/stm32cubemx/CMakeFiles/STM32_Drivers.dir/__/__/Core/Src/system_stm32h7xx.c.obj
 .debug_macro   0x0002cf25       0x66 cmake/stm32cubemx/CMakeFiles/STM32_Drivers.dir/__/__/Core/Src/system_stm32h7xx.c.obj
 .debug_macro   0x0002cf8b      0x3a6 cmake/stm32cubemx/CMakeFiles/STM32_Drivers.dir/__/__/Core/Src/system_stm32h7xx.c.obj
 .debug_macro   0x0002d331      0x3f9 cmake/stm32cubemx/CMakeFiles/STM32_Drivers.dir/__/__/Core/Src/system_stm32h7xx.c.obj
 .debug_macro   0x0002d72a      0x275 cmake/stm32cubemx/CMakeFiles/STM32_Drivers.dir/__/__/Core/Src/system_stm32h7xx.c.obj
 .debug_macro   0x0002d99f      0xe42 cmake/stm32cubemx/CMakeFiles/STM32_Drivers.dir/__/__/Core/Src/system_stm32h7xx.c.obj
 .debug_macro   0x0002e7e1      0x3ca cmake/stm32cubemx/CMakeFiles/STM32_Drivers.dir/__/__/Core/Src/system_stm32h7xx.c.obj
 .debug_macro   0x0002ebab      0x45c cmake/stm32cubemx/CMakeFiles/STM32_Drivers.dir/__/__/Core/Src/system_stm32h7xx.c.obj
 .debug_macro   0x0002f007       0x3c cmake/stm32cubemx/CMakeFiles/STM32_Drivers.dir/__/__/Core/Src/system_stm32h7xx.c.obj
 .debug_macro   0x0002f043       0x4a cmake/stm32cubemx/CMakeFiles/STM32_Drivers.dir/__/__/Core/Src/system_stm32h7xx.c.obj
 .debug_macro   0x0002f08d      0x22c cmake/stm32cubemx/CMakeFiles/STM32_Drivers.dir/__/__/Core/Src/system_stm32h7xx.c.obj
 .debug_macro   0x0002f2b9       0x67 cmake/stm32cubemx/CMakeFiles/STM32_Drivers.dir/__/__/Core/Src/system_stm32h7xx.c.obj
 .debug_macro   0x0002f320       0xa5 cmake/stm32cubemx/CMakeFiles/STM32_Drivers.dir/__/__/Core/Src/system_stm32h7xx.c.obj
 .debug_macro   0x0002f3c5      0x1c4 cmake/stm32cubemx/CMakeFiles/STM32_Drivers.dir/__/__/Core/Src/system_stm32h7xx.c.obj
 .debug_macro   0x0002f589      0x22a cmake/stm32cubemx/CMakeFiles/STM32_Drivers.dir/__/__/Core/Src/system_stm32h7xx.c.obj
 .debug_macro   0x0002f7b3       0x35 cmake/stm32cubemx/CMakeFiles/STM32_Drivers.dir/__/__/Core/Src/system_stm32h7xx.c.obj
 .debug_macro   0x0002f7e8      0x5e4 cmake/stm32cubemx/CMakeFiles/STM32_Drivers.dir/__/__/Core/Src/system_stm32h7xx.c.obj
 .debug_macro   0x0002fdcc       0xc1 cmake/stm32cubemx/CMakeFiles/STM32_Drivers.dir/__/__/Core/Src/system_stm32h7xx.c.obj
 .debug_macro   0x0002fe8d      0xb24 cmake/stm32cubemx/CMakeFiles/STM32_Drivers.dir/__/__/Core/Src/system_stm32h7xx.c.obj
 .debug_macro   0x000309b1      0x29f cmake/stm32cubemx/CMakeFiles/STM32_Drivers.dir/__/__/Core/Src/system_stm32h7xx.c.obj
 .debug_macro   0x00030c50      0x5f2 cmake/stm32cubemx/CMakeFiles/STM32_Drivers.dir/__/__/Core/Src/system_stm32h7xx.c.obj
 .debug_macro   0x00031242      0x2a9 cmake/stm32cubemx/CMakeFiles/STM32_Drivers.dir/__/__/Drivers/STM32H7xx_HAL_Driver/Src/stm32h7xx_hal_cortex.c.obj
 .debug_macro   0x000314eb      0x2cd cmake/stm32cubemx/CMakeFiles/STM32_Drivers.dir/__/__/Drivers/STM32H7xx_HAL_Driver/Src/stm32h7xx_hal_rcc.c.obj
 .debug_macro   0x000317b8      0x2c7 cmake/stm32cubemx/CMakeFiles/STM32_Drivers.dir/__/__/Drivers/STM32H7xx_HAL_Driver/Src/stm32h7xx_hal_rcc_ex.c.obj
 .debug_macro   0x00031a7f      0x2b0 cmake/stm32cubemx/CMakeFiles/STM32_Drivers.dir/__/__/Drivers/STM32H7xx_HAL_Driver/Src/stm32h7xx_hal_gpio.c.obj
 .debug_macro   0x00031d2f      0x2e2 cmake/stm32cubemx/CMakeFiles/STM32_Drivers.dir/__/__/Drivers/STM32H7xx_HAL_Driver/Src/stm32h7xx_hal_pwr_ex.c.obj
 .debug_macro   0x00032011      0x2d3 cmake/stm32cubemx/CMakeFiles/STM32_Drivers.dir/__/__/Drivers/STM32H7xx_HAL_Driver/Src/stm32h7xx_hal.c.obj
 .debug_macro   0x000322e4      0x36e cmake/stm32cubemx/CMakeFiles/STM32_Drivers.dir/__/__/Drivers/STM32H7xx_HAL_Driver/Src/stm32h7xx_hal_fdcan.c.obj
 .debug_macro   0x00032652      0x2b1 cmake/stm32cubemx/CMakeFiles/STM32_Drivers.dir/__/__/Drivers/STM32H7xx_HAL_Driver/Src/stm32h7xx_hal_spi.c.obj
 .debug_macro   0x00032903      0x2aa cmake/stm32cubemx/CMakeFiles/STM32_Drivers.dir/__/__/Drivers/STM32H7xx_HAL_Driver/Src/stm32h7xx_hal_tim.c.obj
 .debug_macro   0x00032bad      0x2af cmake/stm32cubemx/CMakeFiles/STM32_Drivers.dir/__/__/Drivers/STM32H7xx_HAL_Driver/Src/stm32h7xx_hal_tim_ex.c.obj
 .debug_macro   0x00032e5c      0x310 CMakeFiles/3508_DM.dir/Core/Src/main.c.obj
 .debug_macro   0x0003316c       0x10 CMakeFiles/3508_DM.dir/Core/Src/main.c.obj
 .debug_macro   0x0003317c      0x2bd CMakeFiles/3508_DM.dir/Core/Src/gpio.c.obj
 .debug_macro   0x00033439      0x2bd CMakeFiles/3508_DM.dir/Core/Src/fdcan.c.obj
 .debug_macro   0x000336f6      0x2bd CMakeFiles/3508_DM.dir/Core/Src/spi.c.obj
 .debug_macro   0x000339b3      0x2bd CMakeFiles/3508_DM.dir/Core/Src/tim.c.obj
 .debug_macro   0x00033c70      0x2df CMakeFiles/3508_DM.dir/Core/Src/stm32h7xx_it.c.obj
 .debug_macro   0x00033f4f      0x2b3 CMakeFiles/3508_DM.dir/Core/Src/stm32h7xx_hal_msp.c.obj
 .debug_macro   0x00034202      0x2cb CMakeFiles/3508_DM.dir/bsp/bsp_can.c.obj
 .debug_macro   0x000344cd      0x2c7 CMakeFiles/3508_DM.dir/bsp/bsp_buzzer.c.obj
 .debug_macro   0x00034794      0x2e9 CMakeFiles/3508_DM.dir/modules/DJI_Motor.c.obj

.debug_line     0x00000000    0x16146
 .debug_line    0x00000000      0x930 cmake/stm32cubemx/CMakeFiles/STM32_Drivers.dir/__/__/Core/Src/system_stm32h7xx.c.obj
 .debug_line    0x00000930      0xcfe cmake/stm32cubemx/CMakeFiles/STM32_Drivers.dir/__/__/Drivers/STM32H7xx_HAL_Driver/Src/stm32h7xx_hal_cortex.c.obj
 .debug_line    0x0000162e     0x1322 cmake/stm32cubemx/CMakeFiles/STM32_Drivers.dir/__/__/Drivers/STM32H7xx_HAL_Driver/Src/stm32h7xx_hal_rcc.c.obj
 .debug_line    0x00002950     0x1bd6 cmake/stm32cubemx/CMakeFiles/STM32_Drivers.dir/__/__/Drivers/STM32H7xx_HAL_Driver/Src/stm32h7xx_hal_rcc_ex.c.obj
 .debug_line    0x00004526      0xb89 cmake/stm32cubemx/CMakeFiles/STM32_Drivers.dir/__/__/Drivers/STM32H7xx_HAL_Driver/Src/stm32h7xx_hal_gpio.c.obj
 .debug_line    0x000050af      0xde3 cmake/stm32cubemx/CMakeFiles/STM32_Drivers.dir/__/__/Drivers/STM32H7xx_HAL_Driver/Src/stm32h7xx_hal_pwr_ex.c.obj
 .debug_line    0x00005e92      0xda5 cmake/stm32cubemx/CMakeFiles/STM32_Drivers.dir/__/__/Drivers/STM32H7xx_HAL_Driver/Src/stm32h7xx_hal.c.obj
 .debug_line    0x00006c37     0x279f cmake/stm32cubemx/CMakeFiles/STM32_Drivers.dir/__/__/Drivers/STM32H7xx_HAL_Driver/Src/stm32h7xx_hal_fdcan.c.obj
 .debug_line    0x000093d6     0x20a6 cmake/stm32cubemx/CMakeFiles/STM32_Drivers.dir/__/__/Drivers/STM32H7xx_HAL_Driver/Src/stm32h7xx_hal_spi.c.obj
 .debug_line    0x0000b47c     0x3ef4 cmake/stm32cubemx/CMakeFiles/STM32_Drivers.dir/__/__/Drivers/STM32H7xx_HAL_Driver/Src/stm32h7xx_hal_tim.c.obj
 .debug_line    0x0000f370     0x1d32 cmake/stm32cubemx/CMakeFiles/STM32_Drivers.dir/__/__/Drivers/STM32H7xx_HAL_Driver/Src/stm32h7xx_hal_tim_ex.c.obj
 .debug_line    0x000110a2      0x88c CMakeFiles/3508_DM.dir/Core/Src/main.c.obj
 .debug_line    0x0001192e      0x73b CMakeFiles/3508_DM.dir/Core/Src/gpio.c.obj
 .debug_line    0x00012069      0x7f7 CMakeFiles/3508_DM.dir/Core/Src/fdcan.c.obj
 .debug_line    0x00012860      0x7e7 CMakeFiles/3508_DM.dir/Core/Src/spi.c.obj
 .debug_line    0x00013047      0x884 CMakeFiles/3508_DM.dir/Core/Src/tim.c.obj
 .debug_line    0x000138cb      0x8bf CMakeFiles/3508_DM.dir/Core/Src/stm32h7xx_it.c.obj
 .debug_line    0x0001418a      0x73b CMakeFiles/3508_DM.dir/Core/Src/stm32h7xx_hal_msp.c.obj
 .debug_line    0x000148c5       0x7b CMakeFiles/3508_DM.dir/startup_stm32h723xx.s.obj
 .debug_line    0x00014940      0x8aa CMakeFiles/3508_DM.dir/bsp/bsp_can.c.obj
 .debug_line    0x000151ea      0x7be CMakeFiles/3508_DM.dir/bsp/bsp_buzzer.c.obj
 .debug_line    0x000159a8      0x79e CMakeFiles/3508_DM.dir/modules/DJI_Motor.c.obj

.debug_str      0x00000000   0x15371c
 .debug_str     0x00000000   0x15371c cmake/stm32cubemx/CMakeFiles/STM32_Drivers.dir/__/__/Core/Src/system_stm32h7xx.c.obj
                             0x14c768 (size before relaxing)
 .debug_str     0x0015371c   0x14d0cd cmake/stm32cubemx/CMakeFiles/STM32_Drivers.dir/__/__/Drivers/STM32H7xx_HAL_Driver/Src/stm32h7xx_hal_cortex.c.obj
 .debug_str     0x0015371c   0x14caf7 cmake/stm32cubemx/CMakeFiles/STM32_Drivers.dir/__/__/Drivers/STM32H7xx_HAL_Driver/Src/stm32h7xx_hal_rcc.c.obj
 .debug_str     0x0015371c   0x14d00f cmake/stm32cubemx/CMakeFiles/STM32_Drivers.dir/__/__/Drivers/STM32H7xx_HAL_Driver/Src/stm32h7xx_hal_rcc_ex.c.obj
 .debug_str     0x0015371c   0x14c774 cmake/stm32cubemx/CMakeFiles/STM32_Drivers.dir/__/__/Drivers/STM32H7xx_HAL_Driver/Src/stm32h7xx_hal_gpio.c.obj
 .debug_str     0x0015371c   0x14cb7c cmake/stm32cubemx/CMakeFiles/STM32_Drivers.dir/__/__/Drivers/STM32H7xx_HAL_Driver/Src/stm32h7xx_hal_pwr_ex.c.obj
 .debug_str     0x0015371c   0x14d7b3 cmake/stm32cubemx/CMakeFiles/STM32_Drivers.dir/__/__/Drivers/STM32H7xx_HAL_Driver/Src/stm32h7xx_hal.c.obj
 .debug_str     0x0015371c   0x14e4a9 cmake/stm32cubemx/CMakeFiles/STM32_Drivers.dir/__/__/Drivers/STM32H7xx_HAL_Driver/Src/stm32h7xx_hal_fdcan.c.obj
 .debug_str     0x0015371c   0x14ce7a cmake/stm32cubemx/CMakeFiles/STM32_Drivers.dir/__/__/Drivers/STM32H7xx_HAL_Driver/Src/stm32h7xx_hal_spi.c.obj
 .debug_str     0x0015371c   0x14d8f5 cmake/stm32cubemx/CMakeFiles/STM32_Drivers.dir/__/__/Drivers/STM32H7xx_HAL_Driver/Src/stm32h7xx_hal_tim.c.obj
 .debug_str     0x0015371c   0x14d2a2 cmake/stm32cubemx/CMakeFiles/STM32_Drivers.dir/__/__/Drivers/STM32H7xx_HAL_Driver/Src/stm32h7xx_hal_tim_ex.c.obj
 .debug_str     0x0015371c   0x14cc0b CMakeFiles/3508_DM.dir/Core/Src/main.c.obj
 .debug_str     0x0015371c   0x14c488 CMakeFiles/3508_DM.dir/Core/Src/gpio.c.obj
 .debug_str     0x0015371c   0x14d5eb CMakeFiles/3508_DM.dir/Core/Src/fdcan.c.obj
 .debug_str     0x0015371c   0x14ced4 CMakeFiles/3508_DM.dir/Core/Src/spi.c.obj
 .debug_str     0x0015371c   0x14d60c CMakeFiles/3508_DM.dir/Core/Src/tim.c.obj
 .debug_str     0x0015371c   0x14cec1 CMakeFiles/3508_DM.dir/Core/Src/stm32h7xx_it.c.obj
 .debug_str     0x0015371c   0x14c488 CMakeFiles/3508_DM.dir/Core/Src/stm32h7xx_hal_msp.c.obj
 .debug_str     0x0015371c       0x78 CMakeFiles/3508_DM.dir/startup_stm32h723xx.s.obj
 .debug_str     0x0015371c   0x14cade CMakeFiles/3508_DM.dir/bsp/bsp_can.c.obj
 .debug_str     0x0015371c   0x14c917 CMakeFiles/3508_DM.dir/bsp/bsp_buzzer.c.obj
 .debug_str     0x0015371c   0x14c7eb CMakeFiles/3508_DM.dir/modules/DJI_Motor.c.obj

.debug_line_str
                0x00000000       0x5c
 .debug_line_str
                0x00000000       0x5c CMakeFiles/3508_DM.dir/startup_stm32h723xx.s.obj
